Component: ARM Compiler 5.05 update 1 (build 106) Tool: armlink [4d0efa]

==============================================================================

Section Cross References

    main.o(i.array_test) refers to memmovea.o(.text) for __aeabi_memcpy4
    main.o(i.array_test) refers to array.o(i.array_new) for array_new
    main.o(i.array_test) refers to array.o(i.array_add) for array_add
    main.o(i.array_test) refers to array.o(i.array_get_at) for array_get_at
    main.o(i.array_test) refers to printf3.o(i.__0printf$3) for __2printf
    main.o(i.array_test) refers to array.o(i.array_destroy) for array_destroy
    main.o(i.array_test) refers to main.o(.constdata) for .constdata
    main.o(i.bsp_init) refers to ccdebug_port.o(i.ccdebug_port_init) for ccdebug_port_init
    main.o(i.deque_test) refers to memmovea.o(.text) for __aeabi_memcpy4
    main.o(i.deque_test) refers to deque.o(i.deque_new) for deque_new
    main.o(i.deque_test) refers to deque.o(i.deque_add) for deque_add
    main.o(i.deque_test) refers to deque.o(i.deque_iter_init) for deque_iter_init
    main.o(i.deque_test) refers to printf3.o(i.__0printf$3) for __2printf
    main.o(i.deque_test) refers to deque.o(i.deque_iter_next) for deque_iter_next
    main.o(i.deque_test) refers to deque.o(i.deque_destroy) for deque_destroy
    main.o(i.deque_test) refers to main.o(.constdata) for .constdata
    main.o(i.eeprom_test) refers to main.o(i.register_iic_port) for register_iic_port
    main.o(i.eeprom_test) refers to 24cxx.o(i.AT24CXX_init) for AT24CXX_init
    main.o(i.eeprom_test) refers to printf3.o(i.__0printf$3) for __2printf
    main.o(i.eeprom_test) refers to 24cxx.o(i.AT24CXX_Check) for AT24CXX_Check
    main.o(i.eeprom_test) refers to main.o(.bss) for iic_port
    main.o(i.hashset_test) refers to memmovea.o(.text) for __aeabi_memcpy4
    main.o(i.hashset_test) refers to hashset.o(i.hashset_new) for hashset_new
    main.o(i.hashset_test) refers to hashset.o(i.hashset_add) for hashset_add
    main.o(i.hashset_test) refers to hashset.o(i.hashset_contains) for hashset_contains
    main.o(i.hashset_test) refers to hashset.o(i.hashset_remove) for hashset_remove
    main.o(i.hashset_test) refers to hashset.o(i.hashset_destroy) for hashset_destroy
    main.o(i.hashset_test) refers to main.o(.constdata) for .constdata
    main.o(i.hashtable_test) refers to memmovea.o(.text) for __aeabi_memcpy4
    main.o(i.hashtable_test) refers to hashtable.o(i.hashtable_new) for hashtable_new
    main.o(i.hashtable_test) refers to hashtable.o(i.hashtable_add) for hashtable_add
    main.o(i.hashtable_test) refers to hashtable.o(i.hashtable_get) for hashtable_get
    main.o(i.hashtable_test) refers to hashtable.o(i.hashtable_iter_init) for hashtable_iter_init
    main.o(i.hashtable_test) refers to hashtable.o(i.hashtable_destroy) for hashtable_destroy
    main.o(i.hashtable_test) refers to main.o(.constdata) for .constdata
    main.o(i.list_test) refers to memmovea.o(.text) for __aeabi_memcpy4
    main.o(i.list_test) refers to list.o(i.list_new) for list_new
    main.o(i.list_test) refers to list.o(i.list_add) for list_add
    main.o(i.list_test) refers to list.o(i.list_iter_init) for list_iter_init
    main.o(i.list_test) refers to list.o(i.list_iter_remove) for list_iter_remove
    main.o(i.list_test) refers to list.o(i.list_iter_next) for list_iter_next
    main.o(i.list_test) refers to list.o(i.list_size) for list_size
    main.o(i.list_test) refers to printf3.o(i.__0printf$3) for __2printf
    main.o(i.list_test) refers to list.o(i.list_destroy) for list_destroy
    main.o(i.list_test) refers to main.o(.constdata) for .constdata
    main.o(i.main) refers to main.o(i.bsp_init) for bsp_init
    main.o(i.main) refers to main.o(i.hashset_test) for hashset_test
    main.o(i.mem_test) refers to lib_mem.o(i.pvPortMalloc) for pvPortMalloc
    main.o(i.mem_test) refers to lib_mem.o(i.xPortGetFreeHeapSize) for xPortGetFreeHeapSize
    main.o(i.mem_test) refers to printf3.o(i.__0printf$3) for __2printf
    main.o(i.mem_test) refers to lib_mem.o(i.vPortFree) for vPortFree
    main.o(i.queue_test) refers to memmovea.o(.text) for __aeabi_memcpy4
    main.o(i.queue_test) refers to queue.o(i.queue_new) for queue_new
    main.o(i.queue_test) refers to queue.o(i.queue_enqueue) for queue_enqueue
    main.o(i.queue_test) refers to queue.o(i.queue_iter_init) for queue_iter_init
    main.o(i.queue_test) refers to printf3.o(i.__0printf$3) for __2printf
    main.o(i.queue_test) refers to queue.o(i.queue_iter_next) for queue_iter_next
    main.o(i.queue_test) refers to queue.o(i.queue_poll) for queue_poll
    main.o(i.queue_test) refers to queue.o(i.queue_size) for queue_size
    main.o(i.queue_test) refers to queue.o(i.queue_destroy) for queue_destroy
    main.o(i.queue_test) refers to main.o(.constdata) for .constdata
    main.o(i.register_iic_port) refers to iic_port.o(i.iic_port_init) for iic_port_init
[...]
    Removing stm32f10x_bkp.o(i.BKP_ReadBackupRegister), (28 bytes).
    Removing stm32f10x_bkp.o(i.BKP_SetRTCCalibrationValue), (28 bytes).
    Removing stm32f10x_bkp.o(i.BKP_TamperPinCmd), (12 bytes).
    Removing stm32f10x_bkp.o(i.BKP_TamperPinLevelConfig), (12 bytes).
    Removing stm32f10x_bkp.o(i.BKP_WriteBackupRegister), (28 bytes).
    Removing stm32f10x_can.o(i.CAN_CancelTransmit), (48 bytes).
    Removing stm32f10x_can.o(i.CAN_ClearFlag), (56 bytes).
    Removing stm32f10x_can.o(i.CAN_ClearITPendingBit), (168 bytes).
    Removing stm32f10x_can.o(i.CAN_DBGFreeze), (22 bytes).
    Removing stm32f10x_can.o(i.CAN_DeInit), (56 bytes).
    Removing stm32f10x_can.o(i.CAN_FIFORelease), (22 bytes).
    Removing stm32f10x_can.o(i.CAN_FilterInit), (264 bytes).
    Removing stm32f10x_can.o(i.CAN_GetFlagStatus), (120 bytes).
    Removing stm32f10x_can.o(i.CAN_GetITStatus), (288 bytes).
    Removing stm32f10x_can.o(i.CAN_GetLSBTransmitErrorCounter), (12 bytes).
    Removing stm32f10x_can.o(i.CAN_GetLastErrorCode), (12 bytes).
    Removing stm32f10x_can.o(i.CAN_GetReceiveErrorCounter), (10 bytes).
    Removing stm32f10x_can.o(i.CAN_ITConfig), (18 bytes).
    Removing stm32f10x_can.o(i.CAN_Init), (276 bytes).
    Removing stm32f10x_can.o(i.CAN_MessagePending), (30 bytes).
    Removing stm32f10x_can.o(i.CAN_OperatingModeRequest), (162 bytes).
    Removing stm32f10x_can.o(i.CAN_Receive), (240 bytes).
    Removing stm32f10x_can.o(i.CAN_SlaveStartBank), (52 bytes).
    Removing stm32f10x_can.o(i.CAN_Sleep), (30 bytes).
    Removing stm32f10x_can.o(i.CAN_StructInit), (32 bytes).
    Removing stm32f10x_can.o(i.CAN_TTComModeCmd), (118 bytes).
    Removing stm32f10x_can.o(i.CAN_Transmit), (294 bytes).
    Removing stm32f10x_can.o(i.CAN_TransmitStatus), (160 bytes).
    Removing stm32f10x_can.o(i.CAN_WakeUp), (48 bytes).
    Removing stm32f10x_can.o(i.CheckITStatus), (18 bytes).
    Removing stm32f10x_cec.o(i.CEC_ClearFlag), (36 bytes).
    Removing stm32f10x_cec.o(i.CEC_ClearITPendingBit), (36 bytes).
    Removing stm32f10x_cec.o(i.CEC_Cmd), (32 bytes).
    Removing stm32f10x_cec.o(i.CEC_DeInit), (22 bytes).
    Removing stm32f10x_cec.o(i.CEC_EndOfMessageCmd), (12 bytes).
    Removing stm32f10x_cec.o(i.CEC_GetFlagStatus), (48 bytes).
    Removing stm32f10x_cec.o(i.CEC_GetITStatus), (40 bytes).
    Removing stm32f10x_cec.o(i.CEC_ITConfig), (12 bytes).
    Removing stm32f10x_cec.o(i.CEC_Init), (32 bytes).
    Removing stm32f10x_cec.o(i.CEC_OwnAddressConfig), (12 bytes).
    Removing stm32f10x_cec.o(i.CEC_ReceiveDataByte), (12 bytes).
    Removing stm32f10x_cec.o(i.CEC_SendDataByte), (12 bytes).
    Removing stm32f10x_cec.o(i.CEC_SetPrescaler), (12 bytes).
    Removing stm32f10x_cec.o(i.CEC_StartOfMessage), (12 bytes).
    Removing stm32f10x_crc.o(i.CRC_CalcBlockCRC), (36 bytes).
    Removing stm32f10x_crc.o(i.CRC_CalcCRC), (16 bytes).
    Removing stm32f10x_crc.o(i.CRC_GetCRC), (12 bytes).
    Removing stm32f10x_crc.o(i.CRC_GetIDRegister), (12 bytes).
    Removing stm32f10x_crc.o(i.CRC_ResetDR), (12 bytes).
    Removing stm32f10x_crc.o(i.CRC_SetIDRegister), (12 bytes).
    Removing stm32f10x_dac.o(i.DAC_Cmd), (40 bytes).
    Removing stm32f10x_dac.o(i.DAC_DMACmd), (44 bytes).
    Removing stm32f10x_dac.o(i.DAC_DeInit), (22 bytes).
    Removing stm32f10x_dac.o(i.DAC_DualSoftwareTriggerCmd), (36 bytes).
    Removing stm32f10x_dac.o(i.DAC_GetDataOutputValue), (36 bytes).
    Removing stm32f10x_dac.o(i.DAC_Init), (52 bytes).
    Removing stm32f10x_dac.o(i.DAC_SetChannel1Data), (32 bytes).
    Removing stm32f10x_dac.o(i.DAC_SetChannel2Data), (32 bytes).
    Removing stm32f10x_dac.o(i.DAC_SetDualChannelData), (36 bytes).
    Removing stm32f10x_dac.o(i.DAC_SoftwareTriggerCmd), (44 bytes).
    Removing stm32f10x_dac.o(i.DAC_StructInit), (12 bytes).
    Removing stm32f10x_dac.o(i.DAC_WaveGenerationCmd), (40 bytes).
    Removing stm32f10x_dbgmcu.o(i.DBGMCU_Config), (32 bytes).
    Removing stm32f10x_dbgmcu.o(i.DBGMCU_GetDEVID), (16 bytes).
    Removing stm32f10x_dbgmcu.o(i.DBGMCU_GetREVID), (12 bytes).
    Removing stm32f10x_dma.o(i.DMA_ClearFlag), (28 bytes).
    Removing stm32f10x_dma.o(i.DMA_ClearITPendingBit), (28 bytes).
    Removing stm32f10x_dma.o(i.DMA_Cmd), (24 bytes).
    Removing stm32f10x_dma.o(i.DMA_DeInit), (332 bytes).
    Removing stm32f10x_dma.o(i.DMA_GetCurrDataCounter), (8 bytes).
    Removing stm32f10x_dma.o(i.DMA_GetFlagStatus), (44 bytes).
    Removing stm32f10x_dma.o(i.DMA_GetITStatus), (44 bytes).
    Removing stm32f10x_dma.o(i.DMA_ITConfig), (18 bytes).
    Removing stm32f10x_dma.o(i.DMA_Init), (60 bytes).
    Removing stm32f10x_dma.o(i.DMA_SetCurrDataCounter), (4 bytes).
    Removing stm32f10x_dma.o(i.DMA_StructInit), (26 bytes).
    Removing stm32f10x_exti.o(i.EXTI_ClearFlag), (12 bytes).
    Removing stm32f10x_exti.o(i.EXTI_ClearITPendingBit), (12 bytes).
    Removing stm32f10x_exti.o(i.EXTI_DeInit), (36 bytes).
    Removing stm32f10x_exti.o(i.EXTI_GenerateSWInterrupt), (16 bytes).
    Removing stm32f10x_exti.o(i.EXTI_GetFlagStatus), (24 bytes).
    Removing stm32f10x_exti.o(i.EXTI_GetITStatus), (40 bytes).
    Removing stm32f10x_exti.o(i.EXTI_Init), (148 bytes).
    Removing stm32f10x_exti.o(i.EXTI_StructInit), (16 bytes).
    Removing stm32f10x_flash.o(i.FLASH_ClearFlag), (12 bytes).
    Removing stm32f10x_flash.o(i.FLASH_EnableWriteProtection), (196 bytes).
    Removing stm32f10x_flash.o(i.FLASH_EraseAllBank1Pages), (72 bytes).
    Removing stm32f10x_flash.o(i.FLASH_EraseAllPages), (72 bytes).
    Removing stm32f10x_flash.o(i.FLASH_EraseOptionBytes), (168 bytes).
    Removing stm32f10x_flash.o(i.FLASH_ErasePage), (76 bytes).
    Removing stm32f10x_flash.o(i.FLASH_GetBank1Status), (52 bytes).
    Removing stm32f10x_flash.o(i.FLASH_GetFlagStatus), (48 bytes).
    Removing stm32f10x_flash.o(i.FLASH_GetPrefetchBufferStatus), (24 bytes).
    Removing stm32f10x_flash.o(i.FLASH_GetReadOutProtectionStatus), (24 bytes).
    Removing stm32f10x_flash.o(i.FLASH_GetStatus), (52 bytes).
    Removing stm32f10x_flash.o(i.FLASH_GetUserOptionByte), (12 bytes).
    Removing stm32f10x_flash.o(i.FLASH_GetWriteProtectionOptionByte), (12 bytes).
    Removing stm32f10x_flash.o(i.FLASH_HalfCycleAccessCmd), (28 bytes).
    Removing stm32f10x_flash.o(i.FLASH_ITConfig), (32 bytes).
    Removing stm32f10x_flash.o(i.FLASH_Lock), (20 bytes).
    Removing stm32f10x_flash.o(i.FLASH_LockBank1), (20 bytes).
    Removing stm32f10x_flash.o(i.FLASH_PrefetchBufferCmd), (28 bytes).
    Removing stm32f10x_flash.o(i.FLASH_ProgramHalfWord), (64 bytes).
    Removing stm32f10x_flash.o(i.FLASH_ProgramOptionByteData), (84 bytes).
    Removing stm32f10x_flash.o(i.FLASH_ProgramWord), (108 bytes).
    Removing stm32f10x_flash.o(i.FLASH_ReadOutProtection), (172 bytes).
    Removing stm32f10x_flash.o(i.FLASH_SetLatency), (24 bytes).
    Removing stm32f10x_flash.o(i.FLASH_Unlock), (24 bytes).
    Removing stm32f10x_flash.o(i.FLASH_UnlockBank1), (24 bytes).
    Removing stm32f10x_flash.o(i.FLASH_UserOptionByteConfig), (104 bytes).
    Removing stm32f10x_flash.o(i.FLASH_WaitForLastBank1Operation), (38 bytes).
    Removing stm32f10x_flash.o(i.FLASH_WaitForLastOperation), (38 bytes).
    Removing stm32f10x_fsmc.o(i.FSMC_ClearFlag), (64 bytes).
    Removing stm32f10x_fsmc.o(i.FSMC_ClearITPendingBit), (72 bytes).
    Removing stm32f10x_fsmc.o(i.FSMC_GetECC), (28 bytes).
    Removing stm32f10x_fsmc.o(i.FSMC_GetFlagStatus), (56 bytes).
    Removing stm32f10x_fsmc.o(i.FSMC_GetITStatus), (68 bytes).
    Removing stm32f10x_fsmc.o(i.FSMC_ITConfig), (128 bytes).
    Removing stm32f10x_fsmc.o(i.FSMC_NANDCmd), (92 bytes).
    Removing stm32f10x_fsmc.o(i.FSMC_NANDDeInit), (68 bytes).
    Removing stm32f10x_fsmc.o(i.FSMC_NANDECCCmd), (92 bytes).
    Removing stm32f10x_fsmc.o(i.FSMC_NANDInit), (136 bytes).
    Removing stm32f10x_fsmc.o(i.FSMC_NANDStructInit), (54 bytes).
    Removing stm32f10x_fsmc.o(i.FSMC_NORSRAMCmd), (52 bytes).
    Removing stm32f10x_fsmc.o(i.FSMC_NORSRAMDeInit), (54 bytes).
    Removing stm32f10x_fsmc.o(i.FSMC_NORSRAMInit), (230 bytes).
    Removing stm32f10x_fsmc.o(i.FSMC_NORSRAMStructInit), (114 bytes).
    Removing stm32f10x_fsmc.o(i.FSMC_PCCARDCmd), (48 bytes).
    Removing stm32f10x_fsmc.o(i.FSMC_PCCARDDeInit), (40 bytes).
    Removing stm32f10x_fsmc.o(i.FSMC_PCCARDInit), (132 bytes).
    Removing stm32f10x_fsmc.o(i.FSMC_PCCARDStructInit), (60 bytes).
    Removing stm32f10x_gpio.o(i.GPIO_AFIODeInit), (20 bytes).
    Removing stm32f10x_gpio.o(i.GPIO_DeInit), (200 bytes).
    Removing stm32f10x_gpio.o(i.GPIO_ETH_MediaInterfaceConfig), (12 bytes).
    Removing stm32f10x_gpio.o(i.GPIO_EXTILineConfig), (64 bytes).
    Removing stm32f10x_gpio.o(i.GPIO_EventOutputCmd), (12 bytes).
    Removing stm32f10x_gpio.o(i.GPIO_EventOutputConfig), (32 bytes).
    Removing stm32f10x_gpio.o(i.GPIO_PinLockConfig), (18 bytes).
    Removing stm32f10x_gpio.o(i.GPIO_PinRemapConfig), (144 bytes).
    Removing stm32f10x_gpio.o(i.GPIO_ReadInputData), (8 bytes).
    Removing stm32f10x_gpio.o(i.GPIO_ReadInputDataBit), (18 bytes).
    Removing stm32f10x_gpio.o(i.GPIO_ReadOutputData), (8 bytes).
    Removing stm32f10x_gpio.o(i.GPIO_ReadOutputDataBit), (18 bytes).
    Removing stm32f10x_gpio.o(i.GPIO_ResetBits), (4 bytes).
    Removing stm32f10x_gpio.o(i.GPIO_SetBits), (4 bytes).
    Removing stm32f10x_gpio.o(i.GPIO_StructInit), (16 bytes).
    Removing stm32f10x_gpio.o(i.GPIO_Write), (4 bytes).
    Removing stm32f10x_gpio.o(i.GPIO_WriteBit), (10 bytes).
    Removing stm32f10x_i2c.o(i.I2C_ARPCmd), (24 bytes).
    Removing stm32f10x_i2c.o(i.I2C_AcknowledgeConfig), (24 bytes).
    Removing stm32f10x_i2c.o(i.I2C_CalculatePEC), (24 bytes).
    Removing stm32f10x_i2c.o(i.I2C_CheckEvent), (42 bytes).
    Removing stm32f10x_i2c.o(i.I2C_ClearFlag), (12 bytes).
    Removing stm32f10x_i2c.o(i.I2C_ClearITPendingBit), (12 bytes).
    Removing stm32f10x_i2c.o(i.I2C_Cmd), (24 bytes).
    Removing stm32f10x_i2c.o(i.I2C_DMACmd), (24 bytes).
    Removing stm32f10x_i2c.o(i.I2C_DMALastTransferCmd), (24 bytes).
    Removing stm32f10x_i2c.o(i.I2C_DeInit), (56 bytes).
    Removing stm32f10x_i2c.o(i.I2C_DualAddressCmd), (24 bytes).
    Removing stm32f10x_i2c.o(i.I2C_FastModeDutyCycleConfig), (28 bytes).
    Removing stm32f10x_i2c.o(i.I2C_GeneralCallCmd), (24 bytes).
    Removing stm32f10x_i2c.o(i.I2C_GenerateSTART), (24 bytes).
    Removing stm32f10x_i2c.o(i.I2C_GenerateSTOP), (24 bytes).
    Removing stm32f10x_i2c.o(i.I2C_GetFlagStatus), (58 bytes).
    Removing stm32f10x_i2c.o(i.I2C_GetITStatus), (38 bytes).
    Removing stm32f10x_i2c.o(i.I2C_GetLastEvent), (26 bytes).
    Removing stm32f10x_i2c.o(i.I2C_GetPEC), (8 bytes).
    Removing stm32f10x_i2c.o(i.I2C_ITConfig), (18 bytes).
    Removing stm32f10x_i2c.o(i.I2C_Init), (236 bytes).
    Removing stm32f10x_i2c.o(i.I2C_NACKPositionConfig), (28 bytes).
    Removing stm32f10x_i2c.o(i.I2C_OwnAddress2Config), (22 bytes).
    Removing stm32f10x_i2c.o(i.I2C_PECPositionConfig), (28 bytes).
    Removing stm32f10x_i2c.o(i.I2C_ReadRegister), (22 bytes).
    Removing stm32f10x_i2c.o(i.I2C_ReceiveData), (8 bytes).
    Removing stm32f10x_i2c.o(i.I2C_SMBusAlertConfig), (28 bytes).
    Removing stm32f10x_i2c.o(i.I2C_Send7bitAddress), (18 bytes).
    Removing stm32f10x_i2c.o(i.I2C_SendData), (4 bytes).
    Removing stm32f10x_i2c.o(i.I2C_SoftwareResetCmd), (22 bytes).
    Removing stm32f10x_i2c.o(i.I2C_StretchClockCmd), (24 bytes).
    Removing stm32f10x_i2c.o(i.I2C_StructInit), (30 bytes).
    Removing stm32f10x_i2c.o(i.I2C_TransmitPEC), (24 bytes).
    Removing stm32f10x_iwdg.o(i.IWDG_Enable), (16 bytes).
    Removing stm32f10x_iwdg.o(i.IWDG_GetFlagStatus), (24 bytes).
    Removing stm32f10x_iwdg.o(i.IWDG_ReloadCounter), (16 bytes).
    Removing stm32f10x_iwdg.o(i.IWDG_SetPrescaler), (12 bytes).
    Removing stm32f10x_iwdg.o(i.IWDG_SetReload), (12 bytes).
    Removing stm32f10x_iwdg.o(i.IWDG_WriteAccessCmd), (12 bytes).
    Removing stm32f10x_pwr.o(i.PWR_BackupAccessCmd), (12 bytes).
    Removing stm32f10x_pwr.o(i.PWR_ClearFlag), (20 bytes).
    Removing stm32f10x_pwr.o(i.PWR_DeInit), (22 bytes).
    Removing stm32f10x_pwr.o(i.PWR_EnterSTANDBYMode), (52 bytes).
    Removing stm32f10x_pwr.o(i.PWR_EnterSTOPMode), (64 bytes).
    Removing stm32f10x_pwr.o(i.PWR_GetFlagStatus), (24 bytes).
    Removing stm32f10x_pwr.o(i.PWR_PVDCmd), (12 bytes).
    Removing stm32f10x_pwr.o(i.PWR_PVDLevelConfig), (24 bytes).
    Removing stm32f10x_pwr.o(i.PWR_WakeUpPinCmd), (12 bytes).
    Removing stm32f10x_rcc.o(i.RCC_ADCCLKConfig), (24 bytes).
    Removing stm32f10x_rcc.o(i.RCC_AHBPeriphClockCmd), (32 bytes).
    Removing stm32f10x_rcc.o(i.RCC_APB1PeriphClockCmd), (32 bytes).
    Removing stm32f10x_rcc.o(i.RCC_APB1PeriphResetCmd), (32 bytes).
    Removing stm32f10x_rcc.o(i.RCC_APB2PeriphResetCmd), (32 bytes).
    Removing stm32f10x_rcc.o(i.RCC_AdjustHSICalibrationValue), (24 bytes).
    Removing stm32f10x_rcc.o(i.RCC_BackupResetCmd), (12 bytes).
    Removing stm32f10x_rcc.o(i.RCC_ClearFlag), (20 bytes).
    Removing stm32f10x_rcc.o(i.RCC_ClearITPendingBit), (12 bytes).
    Removing stm32f10x_rcc.o(i.RCC_ClockSecuritySystemCmd), (12 bytes).
    Removing stm32f10x_rcc.o(i.RCC_DeInit), (76 bytes).
    Removing stm32f10x_rcc.o(i.RCC_GetFlagStatus), (60 bytes).
    Removing stm32f10x_rcc.o(i.RCC_GetITStatus), (24 bytes).
    Removing stm32f10x_rcc.o(i.RCC_GetSYSCLKSource), (16 bytes).
    Removing stm32f10x_rcc.o(i.RCC_HCLKConfig), (24 bytes).
    Removing stm32f10x_rcc.o(i.RCC_HSEConfig), (76 bytes).
    Removing stm32f10x_rcc.o(i.RCC_HSICmd), (12 bytes).
    Removing stm32f10x_rcc.o(i.RCC_ITConfig), (32 bytes).
    Removing stm32f10x_rcc.o(i.RCC_LSEConfig), (52 bytes).
    Removing stm32f10x_rcc.o(i.RCC_LSICmd), (12 bytes).
    Removing stm32f10x_rcc.o(i.RCC_MCOConfig), (12 bytes).
    Removing stm32f10x_rcc.o(i.RCC_PCLK1Config), (24 bytes).
    Removing stm32f10x_rcc.o(i.RCC_PCLK2Config), (24 bytes).
    Removing stm32f10x_rcc.o(i.RCC_PLLCmd), (12 bytes).
    Removing stm32f10x_rcc.o(i.RCC_PLLConfig), (28 bytes).
    Removing stm32f10x_rcc.o(i.RCC_RTCCLKCmd), (12 bytes).
    Removing stm32f10x_rcc.o(i.RCC_RTCCLKConfig), (16 bytes).
    Removing stm32f10x_rcc.o(i.RCC_SYSCLKConfig), (24 bytes).
    Removing stm32f10x_rcc.o(i.RCC_USBCLKConfig), (12 bytes).
    Removing stm32f10x_rcc.o(i.RCC_WaitForHSEStartUp), (56 bytes).
    Removing stm32f10x_rtc.o(i.RTC_ClearFlag), (16 bytes).
    Removing stm32f10x_rtc.o(i.RTC_ClearITPendingBit), (16 bytes).
    Removing stm32f10x_rtc.o(i.RTC_EnterConfigMode), (20 bytes).
    Removing stm32f10x_rtc.o(i.RTC_ExitConfigMode), (20 bytes).
    Removing stm32f10x_rtc.o(i.RTC_GetCounter), (20 bytes).
    Removing stm32f10x_rtc.o(i.RTC_GetDivider), (24 bytes).
    Removing stm32f10x_rtc.o(i.RTC_GetFlagStatus), (24 bytes).
    Removing stm32f10x_rtc.o(i.RTC_GetITStatus), (36 bytes).
    Removing stm32f10x_rtc.o(i.RTC_ITConfig), (32 bytes).
    Removing stm32f10x_rtc.o(i.RTC_SetAlarm), (28 bytes).
    Removing stm32f10x_rtc.o(i.RTC_SetCounter), (28 bytes).
    Removing stm32f10x_rtc.o(i.RTC_SetPrescaler), (32 bytes).
    Removing stm32f10x_rtc.o(i.RTC_WaitForLastTask), (20 bytes).
    Removing stm32f10x_rtc.o(i.RTC_WaitForSynchro), (36 bytes).
    Removing stm32f10x_sdio.o(i.SDIO_CEATAITCmd), (16 bytes).
    Removing stm32f10x_sdio.o(i.SDIO_ClearFlag), (12 bytes).
    Removing stm32f10x_sdio.o(i.SDIO_ClearITPendingBit), (12 bytes).
    Removing stm32f10x_sdio.o(i.SDIO_ClockCmd), (12 bytes).
    Removing stm32f10x_sdio.o(i.SDIO_CmdStructInit), (14 bytes).
    Removing stm32f10x_sdio.o(i.SDIO_CommandCompletionCmd), (12 bytes).
    Removing stm32f10x_sdio.o(i.SDIO_DMACmd), (12 bytes).
    Removing stm32f10x_sdio.o(i.SDIO_DataConfig), (48 bytes).
    Removing stm32f10x_sdio.o(i.SDIO_DataStructInit), (20 bytes).
    Removing stm32f10x_sdio.o(i.SDIO_DeInit), (36 bytes).
    Removing stm32f10x_sdio.o(i.SDIO_GetCommandResponse), (12 bytes).
    Removing stm32f10x_sdio.o(i.SDIO_GetDataCounter), (12 bytes).
    Removing stm32f10x_sdio.o(i.SDIO_GetFIFOCount), (12 bytes).
    Removing stm32f10x_sdio.o(i.SDIO_GetFlagStatus), (24 bytes).
    Removing stm32f10x_sdio.o(i.SDIO_GetITStatus), (24 bytes).
    Removing stm32f10x_sdio.o(i.SDIO_GetPowerState), (16 bytes).
    Removing stm32f10x_sdio.o(i.SDIO_GetResponse), (24 bytes).
    Removing stm32f10x_sdio.o(i.SDIO_ITConfig), (32 bytes).
    Removing stm32f10x_sdio.o(i.SDIO_Init), (48 bytes).
    Removing stm32f10x_sdio.o(i.SDIO_ReadData), (12 bytes).
    Removing stm32f10x_sdio.o(i.SDIO_SendCEATACmd), (12 bytes).
    Removing stm32f10x_sdio.o(i.SDIO_SendCommand), (44 bytes).
    Removing stm32f10x_sdio.o(i.SDIO_SendSDIOSuspendCmd), (12 bytes).
    Removing stm32f10x_sdio.o(i.SDIO_SetPowerState), (28 bytes).
    Removing stm32f10x_sdio.o(i.SDIO_SetSDIOOperation), (12 bytes).
    Removing stm32f10x_sdio.o(i.SDIO_SetSDIOReadWaitMode), (12 bytes).
    Removing stm32f10x_sdio.o(i.SDIO_StartSDIOReadWait), (12 bytes).
    Removing stm32f10x_sdio.o(i.SDIO_StopSDIOReadWait), (12 bytes).
    Removing stm32f10x_sdio.o(i.SDIO_StructInit), (16 bytes).
    Removing stm32f10x_sdio.o(i.SDIO_WriteData), (12 bytes).
    Removing stm32f10x_spi.o(i.I2S_Cmd), (24 bytes).
    Removing stm32f10x_spi.o(i.I2S_Init), (232 bytes).
    Removing stm32f10x_spi.o(i.I2S_StructInit), (20 bytes).
    Removing stm32f10x_spi.o(i.SPI_BiDirectionalLineConfig), (28 bytes).
    Removing stm32f10x_spi.o(i.SPI_CalculateCRC), (24 bytes).
    Removing stm32f10x_spi.o(i.SPI_Cmd), (24 bytes).
    Removing stm32f10x_spi.o(i.SPI_DataSizeConfig), (18 bytes).
    Removing stm32f10x_spi.o(i.SPI_GetCRC), (16 bytes).
    Removing stm32f10x_spi.o(i.SPI_GetCRCPolynomial), (6 bytes).
    Removing stm32f10x_spi.o(i.SPI_I2S_ClearFlag), (6 bytes).
    Removing stm32f10x_spi.o(i.SPI_I2S_ClearITPendingBit), (20 bytes).
    Removing stm32f10x_spi.o(i.SPI_I2S_DMACmd), (18 bytes).
    Removing stm32f10x_spi.o(i.SPI_I2S_DeInit), (88 bytes).
    Removing stm32f10x_spi.o(i.SPI_I2S_GetFlagStatus), (18 bytes).
    Removing stm32f10x_spi.o(i.SPI_I2S_GetITStatus), (52 bytes).
    Removing stm32f10x_spi.o(i.SPI_I2S_ITConfig), (32 bytes).
    Removing stm32f10x_spi.o(i.SPI_I2S_ReceiveData), (6 bytes).
    Removing stm32f10x_spi.o(i.SPI_I2S_SendData), (4 bytes).
    Removing stm32f10x_spi.o(i.SPI_Init), (60 bytes).
    Removing stm32f10x_spi.o(i.SPI_NSSInternalSoftwareConfig), (30 bytes).
    Removing stm32f10x_spi.o(i.SPI_SSOutputCmd), (24 bytes).
    Removing stm32f10x_spi.o(i.SPI_StructInit), (24 bytes).
    Removing stm32f10x_spi.o(i.SPI_TransmitCRC), (10 bytes).
    Removing stm32f10x_tim.o(i.TI1_Config), (128 bytes).
    Removing stm32f10x_tim.o(i.TI2_Config), (152 bytes).
    Removing stm32f10x_tim.o(i.TI3_Config), (144 bytes).
    Removing stm32f10x_tim.o(i.TI4_Config), (152 bytes).
    Removing stm32f10x_tim.o(i.TIM_ARRPreloadConfig), (24 bytes).
    Removing stm32f10x_tim.o(i.TIM_BDTRConfig), (32 bytes).
    Removing stm32f10x_tim.o(i.TIM_BDTRStructInit), (18 bytes).
    Removing stm32f10x_tim.o(i.TIM_CCPreloadControl), (24 bytes).
    Removing stm32f10x_tim.o(i.TIM_CCxCmd), (30 bytes).
    Removing stm32f10x_tim.o(i.TIM_CCxNCmd), (30 bytes).
    Removing stm32f10x_tim.o(i.TIM_ClearFlag), (6 bytes).
    Removing stm32f10x_tim.o(i.TIM_ClearITPendingBit), (6 bytes).
    Removing stm32f10x_tim.o(i.TIM_ClearOC1Ref), (18 bytes).
    Removing stm32f10x_tim.o(i.TIM_ClearOC2Ref), (24 bytes).
    Removing stm32f10x_tim.o(i.TIM_ClearOC3Ref), (18 bytes).
    Removing stm32f10x_tim.o(i.TIM_ClearOC4Ref), (24 bytes).
    Removing stm32f10x_tim.o(i.TIM_Cmd), (24 bytes).
    Removing stm32f10x_tim.o(i.TIM_CounterModeConfig), (18 bytes).
    Removing stm32f10x_tim.o(i.TIM_CtrlPWMOutputs), (30 bytes).
    Removing stm32f10x_tim.o(i.TIM_DMACmd), (18 bytes).
    Removing stm32f10x_tim.o(i.TIM_DMAConfig), (10 bytes).
    Removing stm32f10x_tim.o(i.TIM_DeInit), (488 bytes).
    Removing stm32f10x_tim.o(i.TIM_ETRClockMode1Config), (54 bytes).
    Removing stm32f10x_tim.o(i.TIM_ETRClockMode2Config), (32 bytes).
    Removing stm32f10x_tim.o(i.TIM_ETRConfig), (28 bytes).
    Removing stm32f10x_tim.o(i.TIM_EncoderInterfaceConfig), (66 bytes).
    Removing stm32f10x_tim.o(i.TIM_ForcedOC1Config), (18 bytes).
    Removing stm32f10x_tim.o(i.TIM_ForcedOC2Config), (26 bytes).
    Removing stm32f10x_tim.o(i.TIM_ForcedOC3Config), (18 bytes).
    Removing stm32f10x_tim.o(i.TIM_ForcedOC4Config), (26 bytes).
    Removing stm32f10x_tim.o(i.TIM_GenerateEvent), (4 bytes).
    Removing stm32f10x_tim.o(i.TIM_GetCapture1), (6 bytes).
    Removing stm32f10x_tim.o(i.TIM_GetCapture2), (6 bytes).
    Removing stm32f10x_tim.o(i.TIM_GetCapture3), (6 bytes).
    Removing stm32f10x_tim.o(i.TIM_GetCapture4), (8 bytes).
    Removing stm32f10x_tim.o(i.TIM_GetCounter), (6 bytes).
    Removing stm32f10x_tim.o(i.TIM_GetFlagStatus), (18 bytes).
    Removing stm32f10x_tim.o(i.TIM_GetITStatus), (34 bytes).
    Removing stm32f10x_tim.o(i.TIM_GetPrescaler), (6 bytes).
    Removing stm32f10x_tim.o(i.TIM_ICInit), (172 bytes).
    Removing stm32f10x_tim.o(i.TIM_ICStructInit), (18 bytes).
    Removing stm32f10x_tim.o(i.TIM_ITConfig), (18 bytes).
    Removing stm32f10x_tim.o(i.TIM_ITRxExternalClockConfig), (24 bytes).
    Removing stm32f10x_tim.o(i.TIM_InternalClockConfig), (12 bytes).
    Removing stm32f10x_tim.o(i.TIM_OC1FastConfig), (18 bytes).
    Removing stm32f10x_tim.o(i.TIM_OC1Init), (152 bytes).
    Removing stm32f10x_tim.o(i.TIM_OC1NPolarityConfig), (18 bytes).
    Removing stm32f10x_tim.o(i.TIM_OC1PolarityConfig), (18 bytes).
    Removing stm32f10x_tim.o(i.TIM_OC1PreloadConfig), (18 bytes).
    Removing stm32f10x_tim.o(i.TIM_OC2FastConfig), (26 bytes).
    Removing stm32f10x_tim.o(i.TIM_OC2Init), (164 bytes).
    Removing stm32f10x_tim.o(i.TIM_OC2NPolarityConfig), (26 bytes).
    Removing stm32f10x_tim.o(i.TIM_OC2PolarityConfig), (26 bytes).
    Removing stm32f10x_tim.o(i.TIM_OC2PreloadConfig), (26 bytes).
    Removing stm32f10x_tim.o(i.TIM_OC3FastConfig), (18 bytes).
    Removing stm32f10x_tim.o(i.TIM_OC3Init), (160 bytes).
    Removing stm32f10x_tim.o(i.TIM_OC3NPolarityConfig), (26 bytes).
    Removing stm32f10x_tim.o(i.TIM_OC3PolarityConfig), (26 bytes).
    Removing stm32f10x_tim.o(i.TIM_OC3PreloadConfig), (18 bytes).
    Removing stm32f10x_tim.o(i.TIM_OC4FastConfig), (26 bytes).
    Removing stm32f10x_tim.o(i.TIM_OC4Init), (124 bytes).
    Removing stm32f10x_tim.o(i.TIM_OC4PolarityConfig), (26 bytes).
    Removing stm32f10x_tim.o(i.TIM_OC4PreloadConfig), (26 bytes).
    Removing stm32f10x_tim.o(i.TIM_OCStructInit), (20 bytes).
    Removing stm32f10x_tim.o(i.TIM_PWMIConfig), (124 bytes).
    Removing stm32f10x_tim.o(i.TIM_PrescalerConfig), (6 bytes).
    Removing stm32f10x_tim.o(i.TIM_SelectCCDMA), (24 bytes).
    Removing stm32f10x_tim.o(i.TIM_SelectCOM), (24 bytes).
    Removing stm32f10x_tim.o(i.TIM_SelectHallSensor), (24 bytes).
    Removing stm32f10x_tim.o(i.TIM_SelectInputTrigger), (18 bytes).
    Removing stm32f10x_tim.o(i.TIM_SelectMasterSlaveMode), (18 bytes).
    Removing stm32f10x_tim.o(i.TIM_SelectOCxM), (82 bytes).
    Removing stm32f10x_tim.o(i.TIM_SelectOnePulseMode), (18 bytes).
    Removing stm32f10x_tim.o(i.TIM_SelectOutputTrigger), (18 bytes).
    Removing stm32f10x_tim.o(i.TIM_SelectSlaveMode), (18 bytes).
    Removing stm32f10x_tim.o(i.TIM_SetAutoreload), (4 bytes).
    Removing stm32f10x_tim.o(i.TIM_SetClockDivision), (18 bytes).
    Removing stm32f10x_tim.o(i.TIM_SetCompare1), (4 bytes).
    Removing stm32f10x_tim.o(i.TIM_SetCompare2), (4 bytes).
    Removing stm32f10x_tim.o(i.TIM_SetCompare3), (4 bytes).
    Removing stm32f10x_tim.o(i.TIM_SetCompare4), (6 bytes).
    Removing stm32f10x_tim.o(i.TIM_SetCounter), (4 bytes).
    Removing stm32f10x_tim.o(i.TIM_SetIC1Prescaler), (18 bytes).
    Removing stm32f10x_tim.o(i.TIM_SetIC2Prescaler), (26 bytes).
    Removing stm32f10x_tim.o(i.TIM_SetIC3Prescaler), (18 bytes).
    Removing stm32f10x_tim.o(i.TIM_SetIC4Prescaler), (26 bytes).
    Removing stm32f10x_tim.o(i.TIM_TIxExternalClockConfig), (62 bytes).
    Removing stm32f10x_tim.o(i.TIM_TimeBaseInit), (164 bytes).
    Removing stm32f10x_tim.o(i.TIM_TimeBaseStructInit), (18 bytes).
    Removing stm32f10x_tim.o(i.TIM_UpdateDisableConfig), (24 bytes).
    Removing stm32f10x_tim.o(i.TIM_UpdateRequestConfig), (24 bytes).
    Removing stm32f10x_usart.o(i.USART_ClearFlag), (18 bytes).
    Removing stm32f10x_usart.o(i.USART_ClearITPendingBit), (30 bytes).
    Removing stm32f10x_usart.o(i.USART_ClockInit), (34 bytes).
    Removing stm32f10x_usart.o(i.USART_ClockStructInit), (12 bytes).
    Removing stm32f10x_usart.o(i.USART_DMACmd), (18 bytes).
    Removing stm32f10x_usart.o(i.USART_DeInit), (156 bytes).
    Removing stm32f10x_usart.o(i.USART_GetFlagStatus), (26 bytes).
    Removing stm32f10x_usart.o(i.USART_GetITStatus), (84 bytes).
    Removing stm32f10x_usart.o(i.USART_HalfDuplexCmd), (24 bytes).
    Removing stm32f10x_usart.o(i.USART_ITConfig), (74 bytes).
    Removing stm32f10x_usart.o(i.USART_IrDACmd), (24 bytes).
    Removing stm32f10x_usart.o(i.USART_IrDAConfig), (18 bytes).
    Removing stm32f10x_usart.o(i.USART_LINBreakDetectLengthConfig), (18 bytes).
    Removing stm32f10x_usart.o(i.USART_LINCmd), (24 bytes).
    Removing stm32f10x_usart.o(i.USART_OneBitMethodCmd), (24 bytes).
    Removing stm32f10x_usart.o(i.USART_OverSampling8Cmd), (22 bytes).
    Removing stm32f10x_usart.o(i.USART_ReceiveData), (10 bytes).
    Removing stm32f10x_usart.o(i.USART_ReceiverWakeUpCmd), (24 bytes).
    Removing stm32f10x_usart.o(i.USART_SendBreak), (10 bytes).
    Removing stm32f10x_usart.o(i.USART_SendData), (8 bytes).
    Removing stm32f10x_usart.o(i.USART_SetAddress), (18 bytes).
    Removing stm32f10x_usart.o(i.USART_SetGuardTime), (16 bytes).
    Removing stm32f10x_usart.o(i.USART_SetPrescaler), (16 bytes).
    Removing stm32f10x_usart.o(i.USART_SmartCardCmd), (24 bytes).
    Removing stm32f10x_usart.o(i.USART_SmartCardNACKCmd), (24 bytes).
    Removing stm32f10x_usart.o(i.USART_StructInit), (24 bytes).
    Removing stm32f10x_usart.o(i.USART_WakeUpConfig), (18 bytes).
    Removing stm32f10x_wwdg.o(i.WWDG_ClearFlag), (12 bytes).
    Removing stm32f10x_wwdg.o(i.WWDG_DeInit), (22 bytes).
    Removing stm32f10x_wwdg.o(i.WWDG_Enable), (16 bytes).
    Removing stm32f10x_wwdg.o(i.WWDG_EnableIT), (12 bytes).
    Removing stm32f10x_wwdg.o(i.WWDG_GetFlagStatus), (12 bytes).
    Removing stm32f10x_wwdg.o(i.WWDG_SetCounter), (16 bytes).
    Removing stm32f10x_wwdg.o(i.WWDG_SetPrescaler), (24 bytes).
    Removing stm32f10x_wwdg.o(i.WWDG_SetWindowValue), (40 bytes).
    Removing common.o(i.cc_common_cmp_ptr), (24 bytes).
    Removing array.o(i.array_add), (48 bytes).
    Removing array.o(i.array_add_at), (116 bytes).
    Removing array.o(i.array_capacity), (6 bytes).
    Removing array.o(i.array_conf_init), (36 bytes).
    Removing array.o(i.array_contains), (24 bytes).
    Removing array.o(i.array_contains_value), (48 bytes).
    Removing array.o(i.array_copy_deep), (108 bytes).
    Removing array.o(i.array_copy_shallow), (86 bytes).
    Removing array.o(i.array_destroy), (18 bytes).
    Removing array.o(i.array_destroy_free), (34 bytes).
    Removing array.o(i.array_filter), (142 bytes).
    Removing array.o(i.array_filter_mut), (124 bytes).
    Removing array.o(i.array_get_at), (24 bytes).
    Removing array.o(i.array_get_buffer), (6 bytes).
    Removing array.o(i.array_get_last), (28 bytes).
    Removing array.o(i.array_index_of), (38 bytes).
    Removing array.o(i.array_iter_add), (24 bytes).
    Removing array.o(i.array_iter_index), (8 bytes).
    Removing array.o(i.array_iter_init), (10 bytes).
    Removing array.o(i.array_iter_next), (42 bytes).
    Removing array.o(i.array_iter_remove), (36 bytes).
    Removing array.o(i.array_iter_replace), (24 bytes).
    Removing array.o(i.array_map), (28 bytes).
    Removing array.o(i.array_new), (24 bytes).
    Removing array.o(i.array_new_conf), (138 bytes).
    Removing array.o(i.array_reduce), (74 bytes).
    Removing array.o(i.array_remove), (92 bytes).
    Removing array.o(i.array_remove_all), (6 bytes).
    Removing array.o(i.array_remove_all_free), (34 bytes).
    Removing array.o(i.array_remove_at), (76 bytes).
    Removing array.o(i.array_remove_last), (20 bytes).
    Removing array.o(i.array_replace_at), (34 bytes).
    Removing array.o(i.array_reverse), (50 bytes).
    Removing array.o(i.array_size), (6 bytes).
    Removing array.o(i.array_sort), (20 bytes).
    Removing array.o(i.array_subarray), (114 bytes).
    Removing array.o(i.array_trim_capacity), (74 bytes).
    Removing array.o(i.array_zip_iter_add), (86 bytes).
    Removing array.o(i.array_zip_iter_index), (8 bytes).
    Removing array.o(i.array_zip_iter_init), (12 bytes).
    Removing array.o(i.array_zip_iter_next), (66 bytes).
    Removing array.o(i.array_zip_iter_remove), (76 bytes).
    Removing array.o(i.array_zip_iter_replace), (78 bytes).
    Removing array.o(i.expand_capacity), (96 bytes).
    Removing deque.o(i.copy_buffer), (136 bytes).
    Removing deque.o(i.deque_add), (16 bytes).
    Removing deque.o(i.deque_add_at), (340 bytes).
    Removing deque.o(i.deque_add_first), (56 bytes).
    Removing deque.o(i.deque_add_last), (56 bytes).
    Removing deque.o(i.deque_capacity), (6 bytes).
    Removing deque.o(i.deque_conf_init), (32 bytes).
    Removing deque.o(i.deque_contains), (24 bytes).
    Removing deque.o(i.deque_contains_value), (56 bytes).
    Removing deque.o(i.deque_copy_deep), (94 bytes).
    Removing deque.o(i.deque_copy_shallow), (88 bytes).
    Removing deque.o(i.deque_destroy), (18 bytes).
    Removing deque.o(i.deque_destroy_free), (18 bytes).
    Removing deque.o(i.deque_filter), (96 bytes).
    Removing deque.o(i.deque_filter_mut), (82 bytes).
    Removing deque.o(i.deque_foreach), (48 bytes).
    Removing deque.o(i.deque_get_at), (40 bytes).
    Removing deque.o(i.deque_get_buffer), (6 bytes).
    Removing deque.o(i.deque_get_first), (24 bytes).
    Removing deque.o(i.deque_get_last), (38 bytes).
    Removing deque.o(i.deque_index_of), (54 bytes).
    Removing deque.o(i.deque_iter_add), (30 bytes).
    Removing deque.o(i.deque_iter_index), (8 bytes).
    Removing deque.o(i.deque_iter_init), (10 bytes).
    Removing deque.o(i.deque_iter_next), (84 bytes).
    Removing deque.o(i.deque_iter_remove), (52 bytes).
    Removing deque.o(i.deque_iter_replace), (22 bytes).
    Removing deque.o(i.deque_new), (22 bytes).
    Removing deque.o(i.deque_new_conf), (80 bytes).
    Removing deque.o(i.deque_remove), (38 bytes).
    Removing deque.o(i.deque_remove_all), (10 bytes).
    Removing deque.o(i.deque_remove_all_free), (20 bytes).
    Removing deque.o(i.deque_remove_at), (308 bytes).
    Removing deque.o(i.deque_remove_first), (48 bytes).
    Removing deque.o(i.deque_remove_last), (50 bytes).
    Removing deque.o(i.deque_replace_at), (48 bytes).
    Removing deque.o(i.deque_reverse), (82 bytes).
    Removing deque.o(i.deque_size), (6 bytes).
    Removing deque.o(i.deque_trim_capacity), (84 bytes).
    Removing deque.o(i.deque_zip_iter_add), (106 bytes).
    Removing deque.o(i.deque_zip_iter_index), (8 bytes).
    Removing deque.o(i.deque_zip_iter_init), (12 bytes).
    Removing deque.o(i.deque_zip_iter_next), (170 bytes).
    Removing deque.o(i.deque_zip_iter_remove), (82 bytes).
    Removing deque.o(i.deque_zip_iter_replace), (78 bytes).
    Removing deque.o(i.expand_capacity), (72 bytes).
    Removing deque.o(i.upper_pow_two), (48 bytes).
    Removing queue.o(i.queue_conf_init), (12 bytes).
    Removing queue.o(i.queue_destroy), (18 bytes).
    Removing queue.o(i.queue_destroy_free), (18 bytes).
    Removing queue.o(i.queue_enqueue), (16 bytes).
    Removing queue.o(i.queue_foreach), (16 bytes).
    Removing queue.o(i.queue_iter_init), (16 bytes).
    Removing queue.o(i.queue_iter_next), (16 bytes).
    Removing queue.o(i.queue_iter_replace), (20 bytes).
    Removing queue.o(i.queue_new), (22 bytes).
    Removing queue.o(i.queue_new_conf), (66 bytes).
    Removing queue.o(i.queue_peek), (16 bytes).
    Removing queue.o(i.queue_poll), (16 bytes).
    Removing queue.o(i.queue_size), (12 bytes).
    Removing queue.o(i.queue_zip_iter_init), (20 bytes).
    Removing queue.o(i.queue_zip_iter_next), (20 bytes).
    Removing queue.o(i.queue_zip_iter_replace), (36 bytes).
    Removing stack.o(i.stack_conf_init), (12 bytes).
    Removing stack.o(i.stack_destroy), (18 bytes).
    Removing stack.o(i.stack_destroy_free), (18 bytes).
    Removing stack.o(i.stack_iter_init), (16 bytes).
    Removing stack.o(i.stack_iter_next), (16 bytes).
    Removing stack.o(i.stack_iter_replace), (20 bytes).
    Removing stack.o(i.stack_map), (16 bytes).
    Removing stack.o(i.stack_new), (24 bytes).
    Removing stack.o(i.stack_new_conf), (72 bytes).
    Removing stack.o(i.stack_peek), (16 bytes).
    Removing stack.o(i.stack_pop), (16 bytes).
    Removing stack.o(i.stack_push), (16 bytes).
    Removing stack.o(i.stack_size), (12 bytes).
    Removing stack.o(i.stack_zip_iter_init), (20 bytes).
    Removing stack.o(i.stack_zip_iter_next), (20 bytes).
    Removing stack.o(i.stack_zip_iter_replace), (36 bytes).
    Removing slist.o(i.get_node), (46 bytes).
    Removing slist.o(i.get_node_at), (46 bytes).
    Removing slist.o(i.link_all_externally), (102 bytes).
    Removing slist.o(i.slist_add), (16 bytes).
    Removing slist.o(i.slist_add_all), (72 bytes).
    Removing slist.o(i.slist_add_all_at), (108 bytes).
    Removing slist.o(i.slist_add_at), (96 bytes).
    Removing slist.o(i.slist_add_first), (50 bytes).
    Removing slist.o(i.slist_add_last), (50 bytes).
    Removing slist.o(i.slist_conf_init), (28 bytes).
    Removing slist.o(i.slist_contains), (24 bytes).
    Removing slist.o(i.slist_contains_value), (38 bytes).
    Removing slist.o(i.slist_copy_deep), (80 bytes).
    Removing slist.o(i.slist_copy_shallow), (62 bytes).
    Removing slist.o(i.slist_destroy), (18 bytes).
    Removing slist.o(i.slist_destroy_free), (18 bytes).
    Removing slist.o(i.slist_filter), (72 bytes).
    Removing slist.o(i.slist_filter_mut), (64 bytes).
    Removing slist.o(i.slist_foreach), (22 bytes).
    Removing slist.o(i.slist_get_at), (48 bytes).
    Removing slist.o(i.slist_get_first), (20 bytes).
    Removing slist.o(i.slist_get_last), (20 bytes).
    Removing slist.o(i.slist_index_of), (36 bytes).
    Removing slist.o(i.slist_iter_add), (68 bytes).
    Removing slist.o(i.slist_iter_index), (8 bytes).
    Removing slist.o(i.slist_iter_init), (16 bytes).
    Removing slist.o(i.slist_iter_next), (46 bytes).
    Removing slist.o(i.slist_iter_remove), (46 bytes).
    Removing slist.o(i.slist_iter_replace), (30 bytes).
    Removing slist.o(i.slist_new), (20 bytes).
    Removing slist.o(i.slist_new_conf), (40 bytes).
    Removing slist.o(i.slist_remove), (62 bytes).
    Removing slist.o(i.slist_remove_all), (28 bytes).
    Removing slist.o(i.slist_remove_all_free), (28 bytes).
    Removing slist.o(i.slist_remove_at), (62 bytes).
    Removing slist.o(i.slist_remove_first), (36 bytes).
    Removing slist.o(i.slist_remove_last), (68 bytes).
    Removing slist.o(i.slist_replace_at), (62 bytes).
    Removing slist.o(i.slist_reverse), (44 bytes).
    Removing slist.o(i.slist_size), (6 bytes).
    Removing slist.o(i.slist_sort), (96 bytes).
    Removing slist.o(i.slist_splice), (54 bytes).
    Removing slist.o(i.slist_splice_at), (72 bytes).
    Removing slist.o(i.slist_sublist), (126 bytes).
    Removing slist.o(i.slist_to_array), (64 bytes).
    Removing slist.o(i.slist_zip_iter_add), (138 bytes).
    Removing slist.o(i.slist_zip_iter_index), (8 bytes).
    Removing slist.o(i.slist_zip_iter_init), (26 bytes).
    Removing slist.o(i.slist_zip_iter_next), (78 bytes).
    Removing slist.o(i.slist_zip_iter_remove), (78 bytes).
    Removing slist.o(i.slist_zip_iter_replace), (50 bytes).
    Removing slist.o(i.splice_between), (56 bytes).
    Removing slist.o(i.unlink), (48 bytes).
    Removing slist.o(i.unlink_all), (58 bytes).
    Removing list.o(i.add_all_to_empty), (52 bytes).
    Removing list.o(i.get_node), (34 bytes).
    Removing list.o(i.get_node_at), (68 bytes).
    Removing list.o(i.link_after), (48 bytes).
    Removing list.o(i.link_all_externally), (106 bytes).
    Removing list.o(i.link_behind), (48 bytes).
    Removing list.o(i.list_add), (16 bytes).
    Removing list.o(i.list_add_all), (32 bytes).
    Removing list.o(i.list_add_all_at), (166 bytes).
    Removing list.o(i.list_add_at), (76 bytes).
    Removing list.o(i.list_add_first), (54 bytes).
    Removing list.o(i.list_add_last), (54 bytes).
    Removing list.o(i.list_conf_init), (28 bytes).
    Removing list.o(i.list_contains), (24 bytes).
    Removing list.o(i.list_contains_value), (38 bytes).
    Removing list.o(i.list_copy_deep), (104 bytes).
    Removing list.o(i.list_copy_shallow), (96 bytes).
    Removing list.o(i.list_destroy), (22 bytes).
    Removing list.o(i.list_destroy_free), (18 bytes).
    Removing list.o(i.list_diter_add), (58 bytes).
    Removing list.o(i.list_diter_index), (8 bytes).
    Removing list.o(i.list_diter_init), (16 bytes).
    Removing list.o(i.list_diter_next), (38 bytes).
    Removing list.o(i.list_diter_remove), (38 bytes).
    Removing list.o(i.list_diter_replace), (30 bytes).
    Removing list.o(i.list_filter), (72 bytes).
    Removing list.o(i.list_filter_mut), (56 bytes).
    Removing list.o(i.list_foreach), (22 bytes).
    Removing list.o(i.list_get_at), (32 bytes).
    Removing list.o(i.list_get_first), (20 bytes).
    Removing list.o(i.list_get_last), (20 bytes).
    Removing list.o(i.list_index_of), (52 bytes).
    Removing list.o(i.list_iter_add), (68 bytes).
    Removing list.o(i.list_iter_index), (8 bytes).
    Removing list.o(i.list_iter_init), (14 bytes).
    Removing list.o(i.list_iter_next), (38 bytes).
    Removing list.o(i.list_iter_remove), (38 bytes).
    Removing list.o(i.list_iter_replace), (30 bytes).
    Removing list.o(i.list_new), (20 bytes).
    Removing list.o(i.list_new_conf), (40 bytes).
    Removing list.o(i.list_remove), (46 bytes).
    Removing list.o(i.list_remove_all), (28 bytes).
    Removing list.o(i.list_remove_all_free), (28 bytes).
    Removing list.o(i.list_remove_at), (46 bytes).
    Removing list.o(i.list_remove_first), (34 bytes).
    Removing list.o(i.list_remove_last), (34 bytes).
    Removing list.o(i.list_replace_at), (54 bytes).
    Removing list.o(i.list_reverse), (88 bytes).
    Removing list.o(i.list_size), (6 bytes).
    Removing list.o(i.list_sort), (82 bytes).
    Removing list.o(i.list_sort_in_place), (20 bytes).
    Removing list.o(i.list_splice), (18 bytes).
    Removing list.o(i.list_splice_at), (106 bytes).
    Removing list.o(i.list_sublist), (142 bytes).
    Removing list.o(i.list_to_array), (72 bytes).
    Removing list.o(i.list_zip_iter_add), (138 bytes).
    Removing list.o(i.list_zip_iter_index), (8 bytes).
    Removing list.o(i.list_zip_iter_init), (22 bytes).
    Removing list.o(i.list_zip_iter_next), (62 bytes).
    Removing list.o(i.list_zip_iter_remove), (68 bytes).
    Removing list.o(i.list_zip_iter_replace), (50 bytes).
    Removing list.o(i.merge), (184 bytes).
    Removing list.o(i.splice_between), (76 bytes).
    Removing list.o(i.split), (120 bytes).
    Removing list.o(i.swap), (96 bytes).
    Removing list.o(i.swap_adjacent), (76 bytes).
    Removing list.o(i.unlink), (60 bytes).
    Removing list.o(i.unlink_all), (54 bytes).
    Removing hashtable.o(i.fmix32), (32 bytes).
    Removing hashtable.o(i.get_null_key), (32 bytes).
    Removing hashtable.o(i.hashtable_capacity), (6 bytes).
    Removing hashtable.o(i.hashtable_foreach_key), (44 bytes).
    Removing hashtable.o(i.hashtable_foreach_value), (44 bytes).
    Removing hashtable.o(i.hashtable_get), (80 bytes).
    Removing hashtable.o(i.hashtable_get_keys), (122 bytes).
    Removing hashtable.o(i.hashtable_get_values), (122 bytes).
    Removing hashtable.o(i.hashtable_hash), (220 bytes).
    Removing hashtable.o(i.hashtable_hash_ptr), (116 bytes).
    Removing hashtable.o(i.hashtable_iter_init), (40 bytes).
    Removing hashtable.o(i.hashtable_iter_next), (78 bytes).
    Removing hashtable.o(i.hashtable_iter_remove), (20 bytes).
    Removing hashtable.o(i.hashtable_new), (24 bytes).
    Removing hashtable.o(i.hashtable_remove_all), (62 bytes).
    Removing hashtable.o(i.hashtable_size), (6 bytes).
    Removing hashtable.o(i.rotl32), (18 bytes).
    Removing hashtable.o(i.rotl64), (50 bytes).
    Removing hashset.o(i.hashset_capacity), (12 bytes).
    Removing hashset.o(i.hashset_foreach), (16 bytes).
    Removing hashset.o(i.hashset_iter_init), (16 bytes).
    Removing hashset.o(i.hashset_iter_next), (34 bytes).
    Removing hashset.o(i.hashset_iter_remove), (16 bytes).
    Removing hashset.o(i.hashset_remove_all), (12 bytes).
    Removing hashset.o(i.hashset_size), (12 bytes).
    Removing ccdebug_port.o(i._sys_exit), (6 bytes).
    Removing ccdebug_port.o(i.fputc), (28 bytes).
    Removing ccdebug_port.o(.data), (4 bytes).
    Removing iic_port.o(i.iic_delay_us), (12 bytes).
    Removing iic_port.o(i.iic_port_init), (84 bytes).
    Removing iic_port.o(i.iic_read_sda), (12 bytes).
    Removing iic_port.o(i.iic_scl_high), (12 bytes).
    Removing iic_port.o(i.iic_scl_low), (12 bytes).
    Removing iic_port.o(i.iic_sda_high), (12 bytes).
    Removing iic_port.o(i.iic_sda_in), (28 bytes).
    Removing iic_port.o(i.iic_sda_low), (12 bytes).
    Removing iic_port.o(i.iic_sda_out), (28 bytes).
    Removing iic_port.o(i.iic_tim_init), (56 bytes).
    Removing iic_port.o(i.tim3_delay_us), (72 bytes).
    Removing iic_core.o(i.iic_ack), (38 bytes).
    Removing iic_core.o(i.iic_nack), (38 bytes).
    Removing iic_core.o(i.iic_read_byte), (82 bytes).
    Removing iic_core.o(i.iic_send_byte), (72 bytes).
    Removing iic_core.o(i.iic_start), (38 bytes).
    Removing iic_core.o(i.iic_stop), (38 bytes).
    Removing iic_core.o(i.iic_wait_ack), (66 bytes).
    Removing 24cxx.o(i.AT24CXX_Check), (46 bytes).
    Removing 24cxx.o(i.AT24CXX_Read), (34 bytes).
    Removing 24cxx.o(i.AT24CXX_ReadLenByte), (44 bytes).
    Removing 24cxx.o(i.AT24CXX_ReadOneByte), (132 bytes).
    Removing 24cxx.o(i.AT24CXX_Write), (36 bytes).
    Removing 24cxx.o(i.AT24CXX_WriteLenByte), (42 bytes).
    Removing 24cxx.o(i.AT24CXX_WriteOneByte), (124 bytes).
    Removing 24cxx.o(i.AT24CXX_init), (12 bytes).
    Removing 24cxx.o(.data), (4 bytes).
    Removing lib_mem.o(i.pvPortMemDeinit), (48 bytes).
    Removing lib_mem.o(i.vPortInitialiseBlocks), (2 bytes).
    Removing lib_mem.o(i.xPortGetFreeHeapSize), (12 bytes).
    Removing cfcmple.o(.text), (20 bytes).
    Removing dadd.o(.text), (334 bytes).
    Removing dmul.o(.text), (228 bytes).
    Removing ddiv.o(.text), (222 bytes).
    Removing dfixul.o(.text), (48 bytes).
    Removing cdrcmple.o(.text), (48 bytes).
    Removing depilogue.o(.text), (186 bytes).

797 unused section(s) (total 36532 bytes) removed from the image.

==============================================================================

Image Symbol Table

    Local Symbols

    Symbol Name                              Value     Ov Type        Size  Object(Section)

    ../clib/microlib/division.c              0x00000000   Number         0  uldiv.o ABSOLUTE
    ../clib/microlib/division.c              0x00000000   Number         0  uidiv.o ABSOLUTE
    ../clib/microlib/init/entry.s            0x00000000   Number         0  entry10a.o ABSOLUTE
    ../clib/microlib/init/entry.s            0x00000000   Number         0  entry.o ABSOLUTE
    ../clib/microlib/init/entry.s            0x00000000   Number         0  entry11b.o ABSOLUTE
    ../clib/microlib/init/entry.s            0x00000000   Number         0  entry11a.o ABSOLUTE
    ../clib/microlib/init/entry.s            0x00000000   Number         0  entry10b.o ABSOLUTE
    ../clib/microlib/init/entry.s            0x00000000   Number         0  entry9b.o ABSOLUTE
    ../clib/microlib/init/entry.s            0x00000000   Number         0  entry9a.o ABSOLUTE
    ../clib/microlib/init/entry.s            0x00000000   Number         0  entry8b.o ABSOLUTE
    ../clib/microlib/init/entry.s            0x00000000   Number         0  entry8a.o ABSOLUTE
    ../clib/microlib/init/entry.s            0x00000000   Number         0  entry7b.o ABSOLUTE
    ../clib/microlib/init/entry.s            0x00000000   Number         0  entry7a.o ABSOLUTE
    ../clib/microlib/init/entry.s            0x00000000   Number         0  entry5.o ABSOLUTE
    ../clib/microlib/init/entry.s            0x00000000   Number         0  entry2.o ABSOLUTE
    ../clib/microlib/longlong.c              0x00000000   Number         0  llsshr.o ABSOLUTE
    ../clib/microlib/longlong.c              0x00000000   Number         0  llshl.o ABSOLUTE
    ../clib/microlib/longlong.c              0x00000000   Number         0  llushr.o ABSOLUTE
    ../clib/microlib/printf/printf.c         0x00000000   Number         0  printfb.o ABSOLUTE
    ../clib/microlib/printf/printf.c         0x00000000   Number         0  printf0.o ABSOLUTE
    ../clib/microlib/printf/printf.c         0x00000000   Number         0  printf1.o ABSOLUTE
    ../clib/microlib/printf/printf.c         0x00000000   Number         0  printf2.o ABSOLUTE
    ../clib/microlib/printf/printf.c         0x00000000   Number         0  printf3.o ABSOLUTE
    ../clib/microlib/printf/printf.c         0x00000000   Number         0  printf4.o ABSOLUTE
    ../clib/microlib/printf/printf.c         0x00000000   Number         0  printf5.o ABSOLUTE
    ../clib/microlib/printf/printf.c         0x00000000   Number         0  printf6.o ABSOLUTE
    ../clib/microlib/printf/printf.c         0x00000000   Number         0  printf7.o ABSOLUTE
    ../clib/microlib/printf/printf.c         0x00000000   Number         0  printf8.o ABSOLUTE
    ../clib/microlib/printf/printf.c         0x00000000   Number         0  printfa.o ABSOLUTE
    ../clib/microlib/printf/stubs.s          0x00000000   Number         0  stubs.o ABSOLUTE
    ../clib/microlib/stdlib/qsort.c          0x00000000   Number         0  qsort.o ABSOLUTE
    ../clib/microlib/string/memcpy.c         0x00000000   Number         0  memcpya.o ABSOLUTE
    ../clib/microlib/string/memcpy.c         0x00000000   Number         0  memmovea.o ABSOLUTE
    ../clib/microlib/string/memcpy.c         0x00000000   Number         0  memmoveb.o ABSOLUTE
    ../clib/microlib/string/memcpy.c         0x00000000   Number         0  memcpyb.o ABSOLUTE
    ../clib/microlib/string/memset.c         0x00000000   Number         0  memseta.o ABSOLUTE
    ../clib/microlib/string/strcmp.c         0x00000000   Number         0  strcmp.o ABSOLUTE
    ../clib/microlib/stubs.s                 0x00000000   Number         0  iusefp.o ABSOLUTE
    ../clib/microlib/stubs.s                 0x00000000   Number         0  useno.o ABSOLUTE
    ../fplib/microlib/fpadd.c                0x00000000   Number         0  dadd.o ABSOLUTE
    ../fplib/microlib/fpdiv.c                0x00000000   Number         0  ddiv.o ABSOLUTE
    ../fplib/microlib/fpepilogue.c           0x00000000   Number         0  depilogue.o ABSOLUTE
    ../fplib/microlib/fpepilogue.c           0x00000000   Number         0  fepilogue.o ABSOLUTE
    ../fplib/microlib/fpfix.c                0x00000000   Number         0  ffixui.o ABSOLUTE
    ../fplib/microlib/fpfix.c                0x00000000   Number         0  dfixul.o ABSOLUTE
    ../fplib/microlib/fpflt.c                0x00000000   Number         0  ffltui.o ABSOLUTE
    ../fplib/microlib/fpmul.c                0x00000000   Number         0  dmul.o ABSOLUTE
    ../fplib/microlib/fpmul.c                0x00000000   Number         0  fmul.o ABSOLUTE
    ..\24CXX\24cxx.c                         0x00000000   Number         0  24cxx.o ABSOLUTE
    ..\CORE\core_cm3.c                       0x00000000   Number         0  core_cm3.o ABSOLUTE
    ..\CORE\startup_stm32f10x_hd.s           0x00000000   Number         0  startup_stm32f10x_hd.o ABSOLUTE
    ..\IIC\iic_core.c                        0x00000000   Number         0  iic_core.o ABSOLUTE
    ..\IIC\iic_port.c                        0x00000000   Number         0  iic_port.o ABSOLUTE
    ..\STM32F10x_FWLib\src\misc.c            0x00000000   Number         0  misc.o ABSOLUTE
    ..\STM32F10x_FWLib\src\stm32f10x_adc.c   0x00000000   Number         0  stm32f10x_adc.o ABSOLUTE
    ..\STM32F10x_FWLib\src\stm32f10x_bkp.c   0x00000000   Number         0  stm32f10x_bkp.o ABSOLUTE
    ..\STM32F10x_FWLib\src\stm32f10x_can.c   0x00000000   Number         0  stm32f10x_can.o ABSOLUTE
    ..\STM32F10x_FWLib\src\stm32f10x_cec.c   0x00000000   Number         0  stm32f10x_cec.o ABSOLUTE
    ..\STM32F10x_FWLib\src\stm32f10x_crc.c   0x00000000   Number         0  stm32f10x_crc.o ABSOLUTE
    ..\STM32F10x_FWLib\src\stm32f10x_dac.c   0x00000000   Number         0  stm32f10x_dac.o ABSOLUTE
    ..\STM32F10x_FWLib\src\stm32f10x_dbgmcu.c 0x00000000   Number         0  stm32f10x_dbgmcu.o ABSOLUTE
    ..\STM32F10x_FWLib\src\stm32f10x_dma.c   0x00000000   Number         0  stm32f10x_dma.o ABSOLUTE
    ..\STM32F10x_FWLib\src\stm32f10x_exti.c  0x00000000   Number         0  stm32f10x_exti.o ABSOLUTE
    ..\STM32F10x_FWLib\src\stm32f10x_flash.c 0x00000000   Number         0  stm32f10x_flash.o ABSOLUTE
    ..\STM32F10x_FWLib\src\stm32f10x_fsmc.c  0x00000000   Number         0  stm32f10x_fsmc.o ABSOLUTE
    ..\STM32F10x_FWLib\src\stm32f10x_gpio.c  0x00000000   Number         0  stm32f10x_gpio.o ABSOLUTE
    ..\STM32F10x_FWLib\src\stm32f10x_i2c.c   0x00000000   Number         0  stm32f10x_i2c.o ABSOLUTE
    ..\STM32F10x_FWLib\src\stm32f10x_iwdg.c  0x00000000   Number         0  stm32f10x_iwdg.o ABSOLUTE
    ..\STM32F10x_FWLib\src\stm32f10x_pwr.c   0x00000000   Number         0  stm32f10x_pwr.o ABSOLUTE
    ..\STM32F10x_FWLib\src\stm32f10x_rcc.c   0x00000000   Number         0  stm32f10x_rcc.o ABSOLUTE
    ..\STM32F10x_FWLib\src\stm32f10x_rtc.c   0x00000000   Number         0  stm32f10x_rtc.o ABSOLUTE
    ..\STM32F10x_FWLib\src\stm32f10x_sdio.c  0x00000000   Number         0  stm32f10x_sdio.o ABSOLUTE
    ..\STM32F10x_FWLib\src\stm32f10x_spi.c   0x00000000   Number         0  stm32f10x_spi.o ABSOLUTE
    ..\STM32F10x_FWLib\src\stm32f10x_tim.c   0x00000000   Number         0  stm32f10x_tim.o ABSOLUTE
    ..\STM32F10x_FWLib\src\stm32f10x_usart.c 0x00000000   Number         0  stm32f10x_usart.o ABSOLUTE
    ..\STM32F10x_FWLib\src\stm32f10x_wwdg.c  0x00000000   Number         0  stm32f10x_wwdg.o ABSOLUTE
    ..\SYSTEM\sys\sys.c                      0x00000000   Number         0  sys.o ABSOLUTE
    ..\\CORE\\core_cm3.c                     0x00000000   Number         0  core_cm3.o ABSOLUTE
    ..\\SYSTEM\\sys\\sys.c                   0x00000000   Number         0  sys.o ABSOLUTE
    ..\ccdebug\ccdebug_core.c                0x00000000   Number         0  ccdebug_core.o ABSOLUTE
    ..\ccdebug\ccdebug_port.c                0x00000000   Number         0  ccdebug_port.o ABSOLUTE
    ..\collect\array.c                       0x00000000   Number         0  array.o ABSOLUTE
    ..\collect\common.c                      0x00000000   Number         0  common.o ABSOLUTE
    ..\collect\deque.c                       0x00000000   Number         0  deque.o ABSOLUTE
    ..\collect\hashset.c                     0x00000000   Number         0  hashset.o ABSOLUTE
    ..\collect\hashtable.c                   0x00000000   Number         0  hashtable.o ABSOLUTE
    ..\collect\list.c                        0x00000000   Number         0  list.o ABSOLUTE
    ..\collect\queue.c                       0x00000000   Number         0  queue.o ABSOLUTE
    ..\collect\slist.c                       0x00000000   Number         0  slist.o ABSOLUTE
    ..\collect\stack.c                       0x00000000   Number         0  stack.o ABSOLUTE
    ..\mem\lib_mem.c                         0x00000000   Number         0  lib_mem.o ABSOLUTE
    cdrcmple.s                               0x00000000   Number         0  cdrcmple.o ABSOLUTE
    cfcmple.s                                0x00000000   Number         0  cfcmple.o ABSOLUTE
    dc.s                                     0x00000000   Number         0  dc.o ABSOLUTE
    handlers.s                               0x00000000   Number         0  handlers.o ABSOLUTE
    init.s                                   0x00000000   Number         0  init.o ABSOLUTE
    main.c                                   0x00000000   Number         0  main.o ABSOLUTE
    stm32f10x_it.c                           0x00000000   Number         0  stm32f10x_it.o ABSOLUTE
    system_stm32f10x.c                       0x00000000   Number         0  system_stm32f10x.o ABSOLUTE
    RESET                                    0x08000000   Section      304  startup_stm32f10x_hd.o(RESET)
    .ARM.Collect$$$$00000000                 0x08000130   Section        0  entry.o(.ARM.Collect$$$$00000000)
    .ARM.Collect$$$$00000001                 0x08000130   Section        4  entry2.o(.ARM.Collect$$$$00000001)
    .ARM.Collect$$$$00000004                 0x08000134   Section        4  entry5.o(.ARM.Collect$$$$00000004)
    .ARM.Collect$$$$00000008                 0x08000138   Section        0  entry7b.o(.ARM.Collect$$$$00000008)
    .ARM.Collect$$$$0000000A                 0x08000138   Section        0  entry8b.o(.ARM.Collect$$$$0000000A)
    .ARM.Collect$$$$0000000B                 0x08000138   Section        8  entry9a.o(.ARM.Collect$$$$0000000B)
    .ARM.Collect$$$$0000000D                 0x08000140   Section        0  entry10a.o(.ARM.Collect$$$$0000000D)
    .ARM.Collect$$$$0000000F                 0x08000140   Section        0  entry11a.o(.ARM.Collect$$$$0000000F)
    .ARM.Collect$$$$00002712                 0x08000140   Section        4  entry2.o(.ARM.Collect$$$$00002712)
    __lit__00000000                          0x08000140   Data           4  entry2.o(.ARM.Collect$$$$00002712)
    .text                                    0x08000144   Section       36  startup_stm32f10x_hd.o(.text)
    .text                                    0x08000168   Section        0  memmovea.o(.text)
    .text                                    0x080001a8   Section        0  memseta.o(.text)
    .text                                    0x080001cc   Section        0  strcmp.o(.text)
    .text                                    0x080001e8   Section        0  fmul.o(.text)
    .text                                    0x0800024c   Section        0  ffltui.o(.text)
    .text                                    0x08000256   Section        0  ffixui.o(.text)
    .text                                    0x0800027e   Section        0  fepilogue.o(.text)
    .text                                    0x0800027e   Section        0  iusefp.o(.text)
    .text                                    0x080002ec   Section       36  init.o(.text)
    i.BusFault_Handler                       0x08000310   Section        0  stm32f10x_it.o(i.BusFault_Handler)
    i.DebugMon_Handler                       0x08000314   Section        0  stm32f10x_it.o(i.DebugMon_Handler)
    i.GPIO_Init                              0x08000316   Section        0  stm32f10x_gpio.o(i.GPIO_Init)
    i.HardFault_Handler                      0x0800042c   Section        0  stm32f10x_it.o(i.HardFault_Handler)
    i.MemManage_Handler                      0x08000430   Section        0  stm32f10x_it.o(i.MemManage_Handler)
    i.NMI_Handler                            0x08000434   Section        0  stm32f10x_it.o(i.NMI_Handler)
    i.PendSV_Handler                         0x08000436   Section        0  stm32f10x_it.o(i.PendSV_Handler)
    i.RCC_APB2PeriphClockCmd                 0x08000438   Section        0  stm32f10x_rcc.o(i.RCC_APB2PeriphClockCmd)
    i.RCC_GetClocksFreq                      0x08000458   Section        0  stm32f10x_rcc.o(i.RCC_GetClocksFreq)
    i.SVC_Handler                            0x0800052c   Section        0  stm32f10x_it.o(i.SVC_Handler)
    i.SetSysClock                            0x0800052e   Section        0  system_stm32f10x.o(i.SetSysClock)
    SetSysClock                              0x0800052f   Thumb Code     8  system_stm32f10x.o(i.SetSysClock)
    i.SetSysClockTo72                        0x08000538   Section        0  system_stm32f10x.o(i.SetSysClockTo72)
    SetSysClockTo72                          0x08000539   Thumb Code   214  system_stm32f10x.o(i.SetSysClockTo72)
    i.SysTick_Handler                        0x08000618   Section        0  stm32f10x_it.o(i.SysTick_Handler)
    i.SystemInit                             0x0800061c   Section        0  system_stm32f10x.o(i.SystemInit)
    i.USART_Cmd                              0x0800067c   Section        0  stm32f10x_usart.o(i.USART_Cmd)
    i.USART_Init                             0x08000694   Section        0  stm32f10x_usart.o(i.USART_Init)
    i.UsageFault_Handler                     0x0800076c   Section        0  stm32f10x_it.o(i.UsageFault_Handler)
    i.__scatterload_copy                     0x08000770   Section       14  handlers.o(i.__scatterload_copy)
    i.__scatterload_null                     0x0800077e   Section        2  handlers.o(i.__scatterload_null)
    i.__scatterload_zeroinit                 0x08000780   Section       14  handlers.o(i.__scatterload_zeroinit)
    i.add_null_key                           0x0800078e   Section        0  hashtable.o(i.add_null_key)
    add_null_key                             0x0800078f   Thumb Code    76  hashtable.o(i.add_null_key)
    i.bsp_init                               0x080007da   Section        0  main.o(i.bsp_init)
    i.cc_common_cmp_str                      0x080007e6   Section        0  common.o(i.cc_common_cmp_str)
    i.ccdebug_port_init                      0x080007f8   Section        0  ccdebug_port.o(i.ccdebug_port_init)
    i.get_table_index                        0x08000878   Section        0  hashtable.o(i.get_table_index)
    get_table_index                          0x08000879   Thumb Code    26  hashtable.o(i.get_table_index)
    i.hashset_add                            0x08000892   Section        0  hashset.o(i.hashset_add)
    i.hashset_conf_init                      0x080008a4   Section        0  hashset.o(i.hashset_conf_init)
    i.hashset_contains                       0x080008b0   Section        0  hashset.o(i.hashset_contains)
    i.hashset_destroy                        0x080008c0   Section        0  hashset.o(i.hashset_destroy)
    i.hashset_new                            0x080008d2   Section        0  hashset.o(i.hashset_new)
    i.hashset_new_conf                       0x080008ea   Section        0  hashset.o(i.hashset_new_conf)
    i.hashset_remove                         0x08000934   Section        0  hashset.o(i.hashset_remove)
    i.hashset_test                           0x08000948   Section        0  main.o(i.hashset_test)
    i.hashtable_add                          0x0800099c   Section        0  hashtable.o(i.hashtable_add)
    i.hashtable_conf_init                    0x08000a4c   Section        0  hashtable.o(i.hashtable_conf_init)
    i.hashtable_contains_key                 0x08000a8c   Section        0  hashtable.o(i.hashtable_contains_key)
    i.hashtable_destroy                      0x08000aba   Section        0  hashtable.o(i.hashtable_destroy)
    i.hashtable_hash_string                  0x08000af4   Section        0  hashtable.o(i.hashtable_hash_string)
    i.hashtable_new_conf                     0x08000b1c   Section        0  hashtable.o(i.hashtable_new_conf)
    i.hashtable_remove                       0x08000b96   Section        0  hashtable.o(i.hashtable_remove)
    i.main                                   0x08000c16   Section        0  main.o(i.main)
    i.move_entries                           0x08000c22   Section        0  hashtable.o(i.move_entries)
    move_entries                             0x08000c23   Thumb Code    66  hashtable.o(i.move_entries)
    i.prvHeapInit                            0x08000c64   Section        0  lib_mem.o(i.prvHeapInit)
    prvHeapInit                              0x08000c65   Thumb Code    98  lib_mem.o(i.prvHeapInit)
    i.prvInsertBlockIntoFreeList             0x08000cdc   Section        0  lib_mem.o(i.prvInsertBlockIntoFreeList)
    prvInsertBlockIntoFreeList               0x08000cdd   Thumb Code    96  lib_mem.o(i.prvInsertBlockIntoFreeList)
    i.pvPortCalloc                           0x08000d44   Section        0  lib_mem.o(i.pvPortCalloc)
    i.pvPortMalloc                           0x08000d64   Section        0  lib_mem.o(i.pvPortMalloc)
    i.remove_null_key                        0x08000e14   Section        0  hashtable.o(i.remove_null_key)
    remove_null_key                          0x08000e15   Thumb Code    84  hashtable.o(i.remove_null_key)
    i.resize                                 0x08000e68   Section        0  hashtable.o(i.resize)
    resize                                   0x08000e69   Thumb Code    92  hashtable.o(i.resize)
    i.round_pow_two                          0x08000ec4   Section        0  hashtable.o(i.round_pow_two)
    round_pow_two                            0x08000ec5   Thumb Code    48  hashtable.o(i.round_pow_two)
    i.vPortFree                              0x08000ef4   Section        0  lib_mem.o(i.vPortFree)
    .constdata                               0x08000f34   Section      372  main.o(.constdata)
    .conststring                             0x080010a8   Section       72  main.o(.conststring)
    .data                                    0x20000000   Section       20  stm32f10x_rcc.o(.data)
    APBAHBPrescTable                         0x20000000   Data          16  stm32f10x_rcc.o(.data)
    ADCPrescTable                            0x20000010   Data           4  stm32f10x_rcc.o(.data)
    .data                                    0x20000014   Section       20  lib_mem.o(.data)
    xStart                                   0x20000014   Data           8  lib_mem.o(.data)
    pxEnd                                    0x2000001c   Data           4  lib_mem.o(.data)
    xFreeBytesRemaining                      0x20000020   Data           4  lib_mem.o(.data)
    xBlockAllocatedBit                       0x20000024   Data           4  lib_mem.o(.data)
    .bss                                     0x20000028   Section     9472  lib_mem.o(.bss)
    ucHeap                                   0x20000028   Data        9472  lib_mem.o(.bss)
    STACK                                    0x20002528   Section     1024  startup_stm32f10x_hd.o(STACK)

    Global Symbols

    Symbol Name                              Value     Ov Type        Size  Object(Section)

    BuildAttributes$$THM_ISAv4$P$D$K$B$S$PE$A:L22UL41UL21$X:L11$S22US41US21$IEEE1$IW$USESV6$~STKCKD$USESV7$~SHL$OTIME$ROPI$EBA8$MICROLIB$REQ8$PRES8$EABIv2 0x00000000   Number         0  anon$$obj.o ABSOLUTE
    __ARM_use_no_argv                        0x00000000   Number         0  main.o ABSOLUTE
    __use_no_errno                           0x00000000   Number         0  useno.o ABSOLUTE
    __use_no_exception_handling              0x00000000   Number         0  useno.o ABSOLUTE
    __use_no_fp                              0x00000000   Number         0  useno.o ABSOLUTE
    __use_no_heap                            0x00000000   Number         0  useno.o ABSOLUTE
    __use_no_heap_region                     0x00000000   Number         0  useno.o ABSOLUTE
    __use_no_semihosting                     0x00000000   Number         0  useno.o ABSOLUTE
    __use_no_semihosting_swi                 0x00000000   Number         0  useno.o ABSOLUTE
    __use_no_signal_handling                 0x00000000   Number         0  useno.o ABSOLUTE
    _printf_a                                0x00000000   Number         0  stubs.o ABSOLUTE
    _printf_c                                0x00000000   Number         0  stubs.o ABSOLUTE
    _printf_charcount                        0x00000000   Number         0  stubs.o ABSOLUTE
    _printf_d                                0x00000000   Number         0  stubs.o ABSOLUTE
    _printf_e                                0x00000000   Number         0  stubs.o ABSOLUTE
    _printf_f                                0x00000000   Number         0  stubs.o ABSOLUTE
    _printf_flags                            0x00000000   Number         0  stubs.o ABSOLUTE
    _printf_fp_dec                           0x00000000   Number         0  stubs.o ABSOLUTE
    _printf_fp_hex                           0x00000000   Number         0  stubs.o ABSOLUTE
    _printf_g                                0x00000000   Number         0  stubs.o ABSOLUTE
    _printf_i                                0x00000000   Number         0  stubs.o ABSOLUTE
    _printf_int_dec                          0x00000000   Number         0  stubs.o ABSOLUTE
    _printf_l                                0x00000000   Number         0  stubs.o ABSOLUTE
    _printf_lc                               0x00000000   Number         0  stubs.o ABSOLUTE
    _printf_ll                               0x00000000   Number         0  stubs.o ABSOLUTE
    _printf_lld                              0x00000000   Number         0  stubs.o ABSOLUTE
    _printf_lli                              0x00000000   Number         0  stubs.o ABSOLUTE
    _printf_llo                              0x00000000   Number         0  stubs.o ABSOLUTE
    _printf_llu                              0x00000000   Number         0  stubs.o ABSOLUTE
    _printf_llx                              0x00000000   Number         0  stubs.o ABSOLUTE
    _printf_longlong_dec                     0x00000000   Number         0  stubs.o ABSOLUTE
    _printf_longlong_hex                     0x00000000   Number         0  stubs.o ABSOLUTE
    _printf_longlong_oct                     0x00000000   Number         0  stubs.o ABSOLUTE
    _printf_ls                               0x00000000   Number         0  stubs.o ABSOLUTE
    _printf_mbtowc                           0x00000000   Number         0  stubs.o ABSOLUTE
    _printf_n                                0x00000000   Number         0  stubs.o ABSOLUTE
    _printf_o                                0x00000000   Number         0  stubs.o ABSOLUTE
    _printf_p                                0x00000000   Number         0  stubs.o ABSOLUTE
    _printf_percent                          0x00000000   Number         0  stubs.o ABSOLUTE
    _printf_pre_padding                      0x00000000   Number         0  stubs.o ABSOLUTE
    _printf_return_value                     0x00000000   Number         0  stubs.o ABSOLUTE
    _printf_s                                0x00000000   Number         0  stubs.o ABSOLUTE
    _printf_sizespec                         0x00000000   Number         0  stubs.o ABSOLUTE
    _printf_str                              0x00000000   Number         0  stubs.o ABSOLUTE
    _printf_truncate_signed                  0x00000000   Number         0  stubs.o ABSOLUTE
    _printf_truncate_unsigned                0x00000000   Number         0  stubs.o ABSOLUTE
    _printf_u                                0x00000000   Number         0  stubs.o ABSOLUTE
    _printf_wc                               0x00000000   Number         0  stubs.o ABSOLUTE
    _printf_wctomb                           0x00000000   Number         0  stubs.o ABSOLUTE
    _printf_widthprec                        0x00000000   Number         0  stubs.o ABSOLUTE
    _printf_x                                0x00000000   Number         0  stubs.o ABSOLUTE
    __cpp_initialize__aeabi_                  - Undefined Weak Reference
    __cxa_finalize                            - Undefined Weak Reference
    __decompress                              - Undefined Weak Reference
    _clock_init                               - Undefined Weak Reference
    _microlib_exit                            - Undefined Weak Reference
    __Vectors_Size                           0x00000130   Number         0  startup_stm32f10x_hd.o ABSOLUTE
    __Vectors                                0x08000000   Data           4  startup_stm32f10x_hd.o(RESET)
    __Vectors_End                            0x08000130   Data           0  startup_stm32f10x_hd.o(RESET)
    __main                                   0x08000131   Thumb Code     0  entry.o(.ARM.Collect$$$$00000000)
    _main_stk                                0x08000131   Thumb Code     0  entry2.o(.ARM.Collect$$$$00000001)
    _main_scatterload                        0x08000135   Thumb Code     0  entry5.o(.ARM.Collect$$$$00000004)
    __main_after_scatterload                 0x08000139   Thumb Code     0  entry5.o(.ARM.Collect$$$$00000004)
    _main_clock                              0x08000139   Thumb Code     0  entry7b.o(.ARM.Collect$$$$00000008)
    _main_cpp_init                           0x08000139   Thumb Code     0  entry8b.o(.ARM.Collect$$$$0000000A)
    _main_init                               0x08000139   Thumb Code     0  entry9a.o(.ARM.Collect$$$$0000000B)
    __rt_final_cpp                           0x08000141   Thumb Code     0  entry10a.o(.ARM.Collect$$$$0000000D)
    __rt_final_exit                          0x08000141   Thumb Code     0  entry11a.o(.ARM.Collect$$$$0000000F)
    Reset_Handler                            0x08000145   Thumb Code     8  startup_stm32f10x_hd.o(.text)
    ADC1_2_IRQHandler                        0x0800015f   Thumb Code     0  startup_stm32f10x_hd.o(.text)
    ADC3_IRQHandler                          0x0800015f   Thumb Code     0  startup_stm32f10x_hd.o(.text)
    CAN1_RX1_IRQHandler                      0x0800015f   Thumb Code     0  startup_stm32f10x_hd.o(.text)
    CAN1_SCE_IRQHandler                      0x0800015f   Thumb Code     0  startup_stm32f10x_hd.o(.text)
    DMA1_Channel1_IRQHandler                 0x0800015f   Thumb Code     0  startup_stm32f10x_hd.o(.text)
    DMA1_Channel2_IRQHandler                 0x0800015f   Thumb Code     0  startup_stm32f10x_hd.o(.text)
    DMA1_Channel3_IRQHandler                 0x0800015f   Thumb Code     0  startup_stm32f10x_hd.o(.text)
    DMA1_Channel4_IRQHandler                 0x0800015f   Thumb Code     0  startup_stm32f10x_hd.o(.text)
    DMA1_Channel5_IRQHandler                 0x0800015f   Thumb Code     0  startup_stm32f10x_hd.o(.text)
    DMA1_Channel6_IRQHandler                 0x0800015f   Thumb Code     0  startup_stm32f10x_hd.o(.text)
    DMA1_Channel7_IRQHandler                 0x0800015f   Thumb Code     0  startup_stm32f10x_hd.o(.text)
    DMA2_Channel1_IRQHandler                 0x0800015f   Thumb Code     0  startup_stm32f10x_hd.o(.text)
    DMA2_Channel2_IRQHandler                 0x0800015f   Thumb Code     0  startup_stm32f10x_hd.o(.text)
    DMA2_Channel3_IRQHandler                 0x0800015f   Thumb Code     0  startup_stm32f10x_hd.o(.text)
    DMA2_Channel4_5_IRQHandler               0x0800015f   Thumb Code     0  startup_stm32f10x_hd.o(.text)
    EXTI0_IRQHandler                         0x0800015f   Thumb Code     0  startup_stm32f10x_hd.o(.text)
    EXTI15_10_IRQHandler                     0x0800015f   Thumb Code     0  startup_stm32f10x_hd.o(.text)
    EXTI1_IRQHandler                         0x0800015f   Thumb Code     0  startup_stm32f10x_hd.o(.text)
    EXTI2_IRQHandler                         0x0800015f   Thumb Code     0  startup_stm32f10x_hd.o(.text)
    EXTI3_IRQHandler                         0x0800015f   Thumb Code     0  startup_stm32f10x_hd.o(.text)
    EXTI4_IRQHandler                         0x0800015f   Thumb Code     0  startup_stm32f10x_hd.o(.text)
    EXTI9_5_IRQHandler                       0x0800015f   Thumb Code     0  startup_stm32f10x_hd.o(.text)
    FLASH_IRQHandler                         0x0800015f   Thumb Code     0  startup_stm32f10x_hd.o(.text)
    FSMC_IRQHandler                          0x0800015f   Thumb Code     0  startup_stm32f10x_hd.o(.text)
    I2C1_ER_IRQHandler                       0x0800015f   Thumb Code     0  startup_stm32f10x_hd.o(.text)
    I2C1_EV_IRQHandler                       0x0800015f   Thumb Code     0  startup_stm32f10x_hd.o(.text)
    I2C2_ER_IRQHandler                       0x0800015f   Thumb Code     0  startup_stm32f10x_hd.o(.text)
    I2C2_EV_IRQHandler                       0x0800015f   Thumb Code     0  startup_stm32f10x_hd.o(.text)
    PVD_IRQHandler                           0x0800015f   Thumb Code     0  startup_stm32f10x_hd.o(.text)
    RCC_IRQHandler                           0x0800015f   Thumb Code     0  startup_stm32f10x_hd.o(.text)
    RTCAlarm_IRQHandler                      0x0800015f   Thumb Code     0  startup_stm32f10x_hd.o(.text)
    RTC_IRQHandler                           0x0800015f   Thumb Code     0  startup_stm32f10x_hd.o(.text)
    SDIO_IRQHandler                          0x0800015f   Thumb Code     0  startup_stm32f10x_hd.o(.text)
    SPI1_IRQHandler                          0x0800015f   Thumb Code     0  startup_stm32f10x_hd.o(.text)
    SPI2_IRQHandler                          0x0800015f   Thumb Code     0  startup_stm32f10x_hd.o(.text)
    SPI3_IRQHandler                          0x0800015f   Thumb Code     0  startup_stm32f10x_hd.o(.text)
    TAMPER_IRQHandler                        0x0800015f   Thumb Code     0  startup_stm32f10x_hd.o(.text)
    TIM1_BRK_IRQHandler                      0x0800015f   Thumb Code     0  startup_stm32f10x_hd.o(.text)
    TIM1_CC_IRQHandler                       0x0800015f   Thumb Code     0  startup_stm32f10x_hd.o(.text)
    TIM1_TRG_COM_IRQHandler                  0x0800015f   Thumb Code     0  startup_stm32f10x_hd.o(.text)
    TIM1_UP_IRQHandler                       0x0800015f   Thumb Code     0  startup_stm32f10x_hd.o(.text)
    TIM2_IRQHandler                          0x0800015f   Thumb Code     0  startup_stm32f10x_hd.o(.text)
    TIM3_IRQHandler                          0x0800015f   Thumb Code     0  startup_stm32f10x_hd.o(.text)
    TIM4_IRQHandler                          0x0800015f   Thumb Code     0  startup_stm32f10x_hd.o(.text)
    TIM5_IRQHandler                          0x0800015f   Thumb Code     0  startup_stm32f10x_hd.o(.text)
    TIM6_IRQHandler                          0x0800015f   Thumb Code     0  startup_stm32f10x_hd.o(.text)
    TIM7_IRQHandler                          0x0800015f   Thumb Code     0  startup_stm32f10x_hd.o(.text)
    TIM8_BRK_IRQHandler                      0x0800015f   Thumb Code     0  startup_stm32f10x_hd.o(.text)
    TIM8_CC_IRQHandler                       0x0800015f   Thumb Code     0  startup_stm32f10x_hd.o(.text)
    TIM8_TRG_COM_IRQHandler                  0x0800015f   Thumb Code     0  startup_stm32f10x_hd.o(.text)
    TIM8_UP_IRQHandler                       0x0800015f   Thumb Code     0  startup_stm32f10x_hd.o(.text)
    UART4_IRQHandler                         0x0800015f   Thumb Code     0  startup_stm32f10x_hd.o(.text)
    UART5_IRQHandler                         0x0800015f   Thumb Code     0  startup_stm32f10x_hd.o(.text)
    USART1_IRQHandler                        0x0800015f   Thumb Code     0  startup_stm32f10x_hd.o(.text)
    USART2_IRQHandler                        0x0800015f   Thumb Code     0  startup_stm32f10x_hd.o(.text)
    USART3_IRQHandler                        0x0800015f   Thumb Code     0  startup_stm32f10x_hd.o(.text)
    USBWakeUp_IRQHandler                     0x0800015f   Thumb Code     0  startup_stm32f10x_hd.o(.text)
    USB_HP_CAN1_TX_IRQHandler                0x0800015f   Thumb Code     0  startup_stm32f10x_hd.o(.text)
    USB_LP_CAN1_RX0_IRQHandler               0x0800015f   Thumb Code     0  startup_stm32f10x_hd.o(.text)
    WWDG_IRQHandler                          0x0800015f   Thumb Code     0  startup_stm32f10x_hd.o(.text)
    ___aeabi_memcpy$move                     0x08000169   Thumb Code    64  memmovea.o(.text)
    ___aeabi_memcpy8$move                    0x08000169   Thumb Code     0  memmovea.o(.text)
    __aeabi_memcpy4                          0x08000169   Thumb Code     0  memmovea.o(.text)
    __aeabi_memmove                          0x08000169   Thumb Code     0  memmovea.o(.text)
    __aeabi_memmove4                         0x08000169   Thumb Code     0  memmovea.o(.text)
    __aeabi_memmove8                         0x08000169   Thumb Code     0  memmovea.o(.text)
    __aeabi_memset                           0x080001a9   Thumb Code    14  memseta.o(.text)
    __aeabi_memset4                          0x080001a9   Thumb Code     0  memseta.o(.text)
    __aeabi_memset8                          0x080001a9   Thumb Code     0  memseta.o(.text)
    __aeabi_memclr                           0x080001b7   Thumb Code     4  memseta.o(.text)
    __aeabi_memclr4                          0x080001b7   Thumb Code     0  memseta.o(.text)
    __aeabi_memclr8                          0x080001b7   Thumb Code     0  memseta.o(.text)
    _memset$wrapper                          0x080001bb   Thumb Code    18  memseta.o(.text)
    strcmp                                   0x080001cd   Thumb Code    28  strcmp.o(.text)
    __aeabi_fmul                             0x080001e9   Thumb Code   100  fmul.o(.text)
    __aeabi_ui2f                             0x0800024d   Thumb Code    10  ffltui.o(.text)
    __aeabi_f2uiz                            0x08000257   Thumb Code    40  ffixui.o(.text)
    __I$use$fp                               0x0800027f   Thumb Code     0  iusefp.o(.text)
    _float_round                             0x0800027f   Thumb Code    18  fepilogue.o(.text)
    _float_epilogue                          0x08000291   Thumb Code    92  fepilogue.o(.text)
    __scatterload                            0x080002ed   Thumb Code    28  init.o(.text)
    __scatterload_rt2                        0x080002ed   Thumb Code     0  init.o(.text)
    BusFault_Handler                         0x08000311   Thumb Code     4  stm32f10x_it.o(i.BusFault_Handler)
    DebugMon_Handler                         0x08000315   Thumb Code     2  stm32f10x_it.o(i.DebugMon_Handler)
    GPIO_Init                                0x08000317   Thumb Code   278  stm32f10x_gpio.o(i.GPIO_Init)
    HardFault_Handler                        0x0800042d   Thumb Code     4  stm32f10x_it.o(i.HardFault_Handler)
    MemManage_Handler                        0x08000431   Thumb Code     4  stm32f10x_it.o(i.MemManage_Handler)
    NMI_Handler                              0x08000435   Thumb Code     2  stm32f10x_it.o(i.NMI_Handler)
    PendSV_Handler                           0x08000437   Thumb Code     2  stm32f10x_it.o(i.PendSV_Handler)
    RCC_APB2PeriphClockCmd                   0x08000439   Thumb Code    26  stm32f10x_rcc.o(i.RCC_APB2PeriphClockCmd)
    RCC_GetClocksFreq                        0x08000459   Thumb Code   192  stm32f10x_rcc.o(i.RCC_GetClocksFreq)
    SVC_Handler                              0x0800052d   Thumb Code     2  stm32f10x_it.o(i.SVC_Handler)
    SysTick_Handler                          0x08000619   Thumb Code     2  stm32f10x_it.o(i.SysTick_Handler)
    SystemInit                               0x0800061d   Thumb Code    78  system_stm32f10x.o(i.SystemInit)
    USART_Cmd                                0x0800067d   Thumb Code    24  stm32f10x_usart.o(i.USART_Cmd)
    USART_Init                               0x08000695   Thumb Code   210  stm32f10x_usart.o(i.USART_Init)
    UsageFault_Handler                       0x0800076d   Thumb Code     4  stm32f10x_it.o(i.UsageFault_Handler)
    __scatterload_copy                       0x08000771   Thumb Code    14  handlers.o(i.__scatterload_copy)
    __scatterload_null                       0x0800077f   Thumb Code     2  handlers.o(i.__scatterload_null)
    __scatterload_zeroinit                   0x08000781   Thumb Code    14  handlers.o(i.__scatterload_zeroinit)
    bsp_init                                 0x080007db   Thumb Code    12  main.o(i.bsp_init)
    cc_common_cmp_str                        0x080007e7   Thumb Code    16  common.o(i.cc_common_cmp_str)
    ccdebug_port_init                        0x080007f9   Thumb Code   118  ccdebug_port.o(i.ccdebug_port_init)
    hashset_add                              0x08000893   Thumb Code    18  hashset.o(i.hashset_add)
    hashset_conf_init                        0x080008a5   Thumb Code    12  hashset.o(i.hashset_conf_init)
    hashset_contains                         0x080008b1   Thumb Code    16  hashset.o(i.hashset_contains)
    hashset_destroy                          0x080008c1   Thumb Code    18  hashset.o(i.hashset_destroy)
    hashset_new                              0x080008d3   Thumb Code    24  hashset.o(i.hashset_new)
    hashset_new_conf                         0x080008eb   Thumb Code    74  hashset.o(i.hashset_new_conf)
    hashset_remove                           0x08000935   Thumb Code    20  hashset.o(i.hashset_remove)
    hashset_test                             0x08000949   Thumb Code    78  main.o(i.hashset_test)
    hashtable_add                            0x0800099d   Thumb Code   174  hashtable.o(i.hashtable_add)
    hashtable_conf_init                      0x08000a4d   Thumb Code    42  hashtable.o(i.hashtable_conf_init)
    hashtable_contains_key                   0x08000a8d   Thumb Code    46  hashtable.o(i.hashtable_contains_key)
    hashtable_destroy                        0x08000abb   Thumb Code    58  hashtable.o(i.hashtable_destroy)
    hashtable_hash_string                    0x08000af5   Thumb Code    40  hashtable.o(i.hashtable_hash_string)
    hashtable_new_conf                       0x08000b1d   Thumb Code   122  hashtable.o(i.hashtable_new_conf)
    hashtable_remove                         0x08000b97   Thumb Code   128  hashtable.o(i.hashtable_remove)
    main                                     0x08000c17   Thumb Code    12  main.o(i.main)
    pvPortCalloc                             0x08000d45   Thumb Code    32  lib_mem.o(i.pvPortCalloc)
    pvPortMalloc                             0x08000d65   Thumb Code   158  lib_mem.o(i.pvPortMalloc)
    vPortFree                                0x08000ef5   Thumb Code    56  lib_mem.o(i.vPortFree)
    Region$$Table$$Base                      0x080010f0   Number         0  anon$$obj.o(Region$$Table)
    Region$$Table$$Limit                     0x08001110   Number         0  anon$$obj.o(Region$$Table)
    __initial_sp                             0x20002928   Data           0  startup_stm32f10x_hd.o(STACK)



==============================================================================

Memory Map of the image

  Image Entry point : 0x08000145

  Load Region LR_1 (Base: 0x08000000, Size: 0x00001138, Max: 0xffffffff, ABSOLUTE)

    Execution Region ER_RO (Base: 0x08000000, Size: 0x00001110, Max: 0xffffffff, ABSOLUTE)

    Base Addr    Size         Type   Attr      Idx    E Section Name        Object

    0x08000000   0x00000130   Data   RO          412    RESET               startup_stm32f10x_hd.o
    0x08000130   0x00000000   Code   RO         5467  * .ARM.Collect$$$$00000000  mc_w.l(entry.o)
    0x08000130   0x00000004   Code   RO         5757    .ARM.Collect$$$$00000001  mc_w.l(entry2.o)
    0x08000134   0x00000004   Code   RO         5760    .ARM.Collect$$$$00000004  mc_w.l(entry5.o)
    0x08000138   0x00000000   Code   RO         5762    .ARM.Collect$$$$00000008  mc_w.l(entry7b.o)
    0x08000138   0x00000000   Code   RO         5764    .ARM.Collect$$$$0000000A  mc_w.l(entry8b.o)
    0x08000138   0x00000008   Code   RO         5765    .ARM.Collect$$$$0000000B  mc_w.l(entry9a.o)
    0x08000140   0x00000000   Code   RO         5767    .ARM.Collect$$$$0000000D  mc_w.l(entry10a.o)
    0x08000140   0x00000000   Code   RO         5769    .ARM.Collect$$$$0000000F  mc_w.l(entry11a.o)
    0x08000140   0x00000004   Code   RO         5758    .ARM.Collect$$$$00002712  mc_w.l(entry2.o)
    0x08000144   0x00000024   Code   RO          413  * .text               startup_stm32f10x_hd.o
    0x08000168   0x00000040   Code   RO         5478    .text               mc_w.l(memmovea.o)
    0x080001a8   0x00000024   Code   RO         5480    .text               mc_w.l(memseta.o)
    0x080001cc   0x0000001c   Code   RO         5482    .text               mc_w.l(strcmp.o)
    0x080001e8   0x00000064   Code   RO         5749    .text               mf_w.l(fmul.o)
    0x0800024c   0x0000000a   Code   RO         5751    .text               mf_w.l(ffltui.o)
    0x08000256   0x00000028   Code   RO         5753    .text               mf_w.l(ffixui.o)
    0x0800027e   0x00000000   Code   RO         5775    .text               mc_w.l(iusefp.o)
    0x0800027e   0x0000006e   Code   RO         5776    .text               mf_w.l(fepilogue.o)
    0x080002ec   0x00000024   Code   RO         5788    .text               mc_w.l(init.o)
    0x08000310   0x00000004   Code   RO          248    i.BusFault_Handler  stm32f10x_it.o
    0x08000314   0x00000002   Code   RO          249    i.DebugMon_Handler  stm32f10x_it.o
    0x08000316   0x00000116   Code   RO         1568    i.GPIO_Init         stm32f10x_gpio.o
    0x0800042c   0x00000004   Code   RO          250    i.HardFault_Handler  stm32f10x_it.o
    0x08000430   0x00000004   Code   RO          251    i.MemManage_Handler  stm32f10x_it.o
    0x08000434   0x00000002   Code   RO          252    i.NMI_Handler       stm32f10x_it.o
    0x08000436   0x00000002   Code   RO          253    i.PendSV_Handler    stm32f10x_it.o
    0x08000438   0x00000020   Code   RO         1986    i.RCC_APB2PeriphClockCmd  stm32f10x_rcc.o
    0x08000458   0x000000d4   Code   RO         1994    i.RCC_GetClocksFreq  stm32f10x_rcc.o
    0x0800052c   0x00000002   Code   RO          254    i.SVC_Handler       stm32f10x_it.o
    0x0800052e   0x00000008   Code   RO          311    i.SetSysClock       system_stm32f10x.o
    0x08000536   0x00000002   PAD
    0x08000538   0x000000e0   Code   RO          312    i.SetSysClockTo72   system_stm32f10x.o
    0x08000618   0x00000002   Code   RO          255    i.SysTick_Handler   stm32f10x_it.o
    0x0800061a   0x00000002   PAD
    0x0800061c   0x00000060   Code   RO          314    i.SystemInit        system_stm32f10x.o
    0x0800067c   0x00000018   Code   RO         3154    i.USART_Cmd         stm32f10x_usart.o
    0x08000694   0x000000d8   Code   RO         3161    i.USART_Init        stm32f10x_usart.o
    0x0800076c   0x00000004   Code   RO          256    i.UsageFault_Handler  stm32f10x_it.o
    0x08000770   0x0000000e   Code   RO         5796    i.__scatterload_copy  mc_w.l(handlers.o)
    0x0800077e   0x00000002   Code   RO         5797    i.__scatterload_null  mc_w.l(handlers.o)
    0x08000780   0x0000000e   Code   RO         5798    i.__scatterload_zeroinit  mc_w.l(handlers.o)
    0x0800078e   0x0000004c   Code   RO         4915    i.add_null_key      hashtable.o
    0x080007da   0x0000000c   Code   RO            2    i.bsp_init          main.o
    0x080007e6   0x00000010   Code   RO         3385    i.cc_common_cmp_str  common.o
    0x080007f6   0x00000002   PAD
    0x080007f8   0x00000080   Code   RO         5206    i.ccdebug_port_init  ccdebug_port.o
    0x08000878   0x0000001a   Code   RO         4918    i.get_table_index   hashtable.o
    0x08000892   0x00000012   Code   RO         5103    i.hashset_add       hashset.o
    0x080008a4   0x0000000c   Code   RO         5105    i.hashset_conf_init  hashset.o
    0x080008b0   0x00000010   Code   RO         5106    i.hashset_contains  hashset.o
    0x080008c0   0x00000012   Code   RO         5107    i.hashset_destroy   hashset.o
    0x080008d2   0x00000018   Code   RO         5112    i.hashset_new       hashset.o
    0x080008ea   0x0000004a   Code   RO         5113    i.hashset_new_conf  hashset.o
    0x08000934   0x00000014   Code   RO         5114    i.hashset_remove    hashset.o
    0x08000948   0x00000054   Code   RO            5    i.hashset_test      main.o
    0x0800099c   0x000000ae   Code   RO         4919    i.hashtable_add     hashtable.o
    0x08000a4a   0x00000002   PAD
    0x08000a4c   0x00000040   Code   RO         4921    i.hashtable_conf_init  hashtable.o
    0x08000a8c   0x0000002e   Code   RO         4922    i.hashtable_contains_key  hashtable.o
    0x08000aba   0x0000003a   Code   RO         4923    i.hashtable_destroy  hashtable.o
    0x08000af4   0x00000028   Code   RO         4931    i.hashtable_hash_string  hashtable.o
    0x08000b1c   0x0000007a   Code   RO         4936    i.hashtable_new_conf  hashtable.o
    0x08000b96   0x00000080   Code   RO         4937    i.hashtable_remove  hashtable.o
    0x08000c16   0x0000000c   Code   RO            8    i.main              main.o
    0x08000c22   0x00000042   Code   RO         4940    i.move_entries      hashtable.o
    0x08000c64   0x00000078   Code   RO         5412    i.prvHeapInit       lib_mem.o
    0x08000cdc   0x00000068   Code   RO         5413    i.prvInsertBlockIntoFreeList  lib_mem.o
    0x08000d44   0x00000020   Code   RO         5414    i.pvPortCalloc      lib_mem.o
    0x08000d64   0x000000b0   Code   RO         5415    i.pvPortMalloc      lib_mem.o
    0x08000e14   0x00000054   Code   RO         4941    i.remove_null_key   hashtable.o
    0x08000e68   0x0000005c   Code   RO         4942    i.resize            hashtable.o
    0x08000ec4   0x00000030   Code   RO         4945    i.round_pow_two     hashtable.o
    0x08000ef4   0x00000040   Code   RO         5417    i.vPortFree         lib_mem.o
    0x08000f34   0x00000174   Data   RO           15    .constdata          main.o
    0x080010a8   0x00000048   Data   RO           16    .conststring        main.o
    0x080010f0   0x00000020   Data   RO         5794    Region$$Table       anon$$obj.o


    Execution Region ER_RW (Base: 0x20000000, Size: 0x00000028, Max: 0xffffffff, ABSOLUTE)

    Base Addr    Size         Type   Attr      Idx    E Section Name        Object

    0x20000000   0x00000014   Data   RW         2014    .data               stm32f10x_rcc.o
    0x20000014   0x00000014   Data   RW         5421    .data               lib_mem.o


    Execution Region ER_ZI (Base: 0x20000028, Size: 0x00002900, Max: 0xffffffff, ABSOLUTE)

    Base Addr    Size         Type   Attr      Idx    E Section Name        Object

    0x20000028   0x00002500   Zero   RW         5420    .bss                lib_mem.o
    0x20002528   0x00000400   Zero   RW          410    STACK               startup_stm32f10x_hd.o


==============================================================================

Image component sizes


      Code (inc. data)   RO Data    RW Data    ZI Data      Debug   Object Name

       128         10          0          0          0        616   ccdebug_port.o
        16          0          0          0          0       1980   common.o
       182          0          0          0          0       5561   hashset.o
      1024         22          0          0          0      10287   hashtable.o
       496         56          0         20       9472       4118   lib_mem.o
       108          6        444          0          0     238517   main.o
         0          0          0          0          0        668   stack.o
        36          8        304          0       1024        756   startup_stm32f10x_hd.o
       278          0          0          0          0       1868   stm32f10x_gpio.o
        26          0          0          0          0       3334   stm32f10x_it.o
       244         26          0         20          0       3701   stm32f10x_rcc.o
       240          6          0          0          0       2701   stm32f10x_usart.o
         0          0          0          0          0     203084   sys.o
       328         28          0          0          0       1633   system_stm32f10x.o

    ----------------------------------------------------------------------
      3114        162        780         40      10496     478824   Object Totals
         0          0         32          0          0          0   (incl. Generated)
         8          0          0          0          0          0   (incl. Padding)

    ----------------------------------------------------------------------

      Code (inc. data)   RO Data    RW Data    ZI Data      Debug   Library Member Name

         0          0          0          0          0          0   entry.o
         0          0          0          0          0          0   entry10a.o
         0          0          0          0          0          0   entry11a.o
         8          4          0          0          0          0   entry2.o
         4          0          0          0          0          0   entry5.o
         0          0          0          0          0          0   entry7b.o
         0          0          0          0          0          0   entry8b.o
         8          4          0          0          0          0   entry9a.o
        30          0          0          0          0          0   handlers.o
        36          8          0          0          0         68   init.o
         0          0          0          0          0          0   iusefp.o
        64          0          0          0          0         76   memmovea.o
        36          0          0          0          0        108   memseta.o
        28          0          0          0          0         76   strcmp.o
       110          0          0          0          0        168   fepilogue.o
        40          0          0          0          0         68   ffixui.o
        10          0          0          0          0         68   ffltui.o
       100          0          0          0          0         76   fmul.o

    ----------------------------------------------------------------------
       474         16          0          0          0        708   Library Totals
         0          0          0          0          0          0   (incl. Padding)

    ----------------------------------------------------------------------

      Code (inc. data)   RO Data    RW Data    ZI Data      Debug   Library Name

       214         16          0          0          0        328   mc_w.l
       260          0          0          0          0        380   mf_w.l

    ----------------------------------------------------------------------
       474         16          0          0          0        708   Library Totals

    ----------------------------------------------------------------------

==============================================================================


      Code (inc. data)   RO Data    RW Data    ZI Data      Debug   

      3588        178        780         40      10496     477084   Grand Totals
      3588        178        780         40      10496     477084   ELF Image Totals
      3588        178        780         40          0          0   ROM Totals

==============================================================================

    Total RO  Size (Code + RO Data)                 4368 (   4.27kB)
    Total RW  Size (RW Data + ZI Data)             10536 (  10.29kB)
    Total ROM Size (Code + RO Data + RW Data)       4408 (   4.30kB)

==============================================================================

